** Drc report for lever_sensor.kicad_pcb **
** Created on 2026-09-19T09:35:21 **
** Report includes: Errors, Warnings **

** Found 2 DRC violations **
[silk_overlap]: Silkscreen clearance
    Rule: board setup constraints silk; warning
    @(97.3500 mm, 97.7500 mm): Circle of TP4 on F.Silkscreen
    @(98.3900 mm, 97.2400 mm): Polygon of U3 on F.Silkscreen
[silk_overlap]: Silkscreen clearance
    Rule: board setup constraints silk; warning
    @(97.0400 mm, 104.7100 mm): Segment of Y1 on F.Silkscreen
    @(97.9000 mm, 105.1300 mm): Polygon of U2 on F.Silkscreen

** Found 1 unconnected pads **
[unconnected_items]: Missing connection between items
    Local override; error
    @(98.0250 mm, 109.5050 mm): Pad 4 [CAN_RX] of U2 on F.Cu
    @(102.9375 mm, 98.0500 mm): Pad 19 [CAN_RX] of U3 on F.Cu

** Found 0 Footprint errors **

** Ignored checks **
    - Footprint has no courtyard defined
    - Track endpoint not centered on via
    - Tuning profile track geometries
    - Footprint doesn't match symbol's footprint filters
    - Footprint component type doesn't match footprint pads

** End of Report **
