** Drc report for lever_sensor.kicad_pcb **
** Created on 2026-09-30T11:37:19 **
** Report includes: Errors, Warnings **

** Found 2 DRC violations **
[track_dangling]: Track has unconnected end
    Local override; warning
    @(111.8628 mm, 102.4553 mm): Track [SDA] on F.Cu, length 0.0080 mm
[silk_overlap]: Silkscreen clearance
    Rule: board setup constraints silk; warning
    @(98.0275 mm, 103.2600 mm): Segment of Y1 on F.Silkscreen
    @(98.8875 mm, 103.6800 mm): Polygon of U2 on F.Silkscreen

** Found 0 unconnected pads **

** Found 0 Footprint errors **

** Ignored checks **
    - Footprint has no courtyard defined
    - Track endpoint not centered on via
    - Tuning profile track geometries
    - Footprint doesn't match symbol's footprint filters
    - Footprint component type doesn't match footprint pads

** End of Report **
