** Drc report for optical.kicad_pcb **
** Created on 2026-09-17T16:02:05 **
** Report includes: Errors, Warnings **

** Found 23 DRC violations **
[courtyards_overlap]: Courtyards overlap
    Rule: board setup constraints courtyard; error
    @(79.7125 mm, 27.9496 mm): Footprint PD1A
    @(79.7125 mm, 29.5496 mm): Footprint D1
[courtyards_overlap]: Courtyards overlap
    Rule: board setup constraints courtyard; error
    @(79.7125 mm, 93.4935 mm): Footprint PD8A
    @(79.7125 mm, 95.0935 mm): Footprint D8
[courtyards_overlap]: Courtyards overlap
    Rule: board setup constraints courtyard; error
    @(79.7125 mm, 68.6033 mm): Footprint PD5B
    @(79.7125 mm, 67.0033 mm): Footprint D5
[courtyards_overlap]: Courtyards overlap
    Rule: board setup constraints courtyard; error
    @(79.7125 mm, 57.6399 mm): Footprint D4
    @(79.7125 mm, 56.0399 mm): Footprint PD4A
[courtyards_overlap]: Courtyards overlap
    Rule: board setup constraints courtyard; error
    @(79.7125 mm, 57.6399 mm): Footprint D4
    @(79.7125 mm, 59.2399 mm): Footprint PD4B
[courtyards_overlap]: Courtyards overlap
    Rule: board setup constraints courtyard; error
    @(79.7125 mm, 106.0570 mm): Footprint PD9B
    @(79.7125 mm, 104.4570 mm): Footprint D9
[courtyards_overlap]: Courtyards overlap
    Rule: board setup constraints courtyard; error
    @(117.8635 mm, 153.2950 mm): Footprint TP2
    @(115.9383 mm, 151.3950 mm): Footprint C112
[courtyards_overlap]: Courtyards overlap
    Rule: board setup constraints courtyard; error
    @(79.7125 mm, 87.3301 mm): Footprint PD7B
    @(79.7125 mm, 85.7301 mm): Footprint D7
[courtyards_overlap]: Courtyards overlap
    Rule: board setup constraints courtyard; error
    @(79.7125 mm, 46.6765 mm): Footprint PD3A
    @(79.7125 mm, 48.2765 mm): Footprint D3
[courtyards_overlap]: Courtyards overlap
    Rule: board setup constraints courtyard; error
    @(79.7125 mm, 38.9130 mm): Footprint D2
    @(79.7125 mm, 40.5130 mm): Footprint PD2B
[courtyards_overlap]: Courtyards overlap
    Rule: board setup constraints courtyard; error
    @(79.7125 mm, 38.9130 mm): Footprint D2
    @(79.7125 mm, 37.3130 mm): Footprint PD2A
[courtyards_overlap]: Courtyards overlap
    Rule: board setup constraints courtyard; error
    @(79.7125 mm, 104.4570 mm): Footprint D9
    @(79.7125 mm, 102.8570 mm): Footprint PD9A
[courtyards_overlap]: Courtyards overlap
    Rule: board setup constraints courtyard; error
    @(79.7125 mm, 77.9667 mm): Footprint PD6B
    @(79.7125 mm, 76.3667 mm): Footprint D6
[courtyards_overlap]: Courtyards overlap
    Rule: board setup constraints courtyard; error
    @(79.7125 mm, 49.8765 mm): Footprint PD3B
    @(79.7125 mm, 48.2765 mm): Footprint D3
[courtyards_overlap]: Courtyards overlap
    Rule: board setup constraints courtyard; error
    @(108.6883 mm, 137.0650 mm): Footprint U6
    @(115.9383 mm, 151.3950 mm): Footprint C112
[courtyards_overlap]: Courtyards overlap
    Rule: board setup constraints courtyard; error
    @(115.9383 mm, 151.3950 mm): Footprint C112
    @(114.2448 mm, 153.2950 mm): Footprint TP1
[courtyards_overlap]: Courtyards overlap
    Rule: board setup constraints courtyard; error
    @(79.7125 mm, 96.6935 mm): Footprint PD8B
    @(79.7125 mm, 95.0935 mm): Footprint D8
[courtyards_overlap]: Courtyards overlap
    Rule: board setup constraints courtyard; error
    @(79.7125 mm, 84.1301 mm): Footprint PD7A
    @(79.7125 mm, 85.7301 mm): Footprint D7
[courtyards_overlap]: Courtyards overlap
    Rule: board setup constraints courtyard; error
    @(79.7125 mm, 112.2204 mm): Footprint PD10A
    @(79.7125 mm, 113.8204 mm): Footprint D10
[courtyards_overlap]: Courtyards overlap
    Rule: board setup constraints courtyard; error
    @(79.7125 mm, 67.0033 mm): Footprint D5
    @(79.7125 mm, 65.4033 mm): Footprint PD5A
[courtyards_overlap]: Courtyards overlap
    Rule: board setup constraints courtyard; error
    @(79.7125 mm, 113.8204 mm): Footprint D10
    @(79.7125 mm, 115.4204 mm): Footprint PD10B
[courtyards_overlap]: Courtyards overlap
    Rule: board setup constraints courtyard; error
    @(79.7125 mm, 29.5496 mm): Footprint D1
    @(79.7125 mm, 31.1496 mm): Footprint PD1B
[courtyards_overlap]: Courtyards overlap
    Rule: board setup constraints courtyard; error
    @(79.7125 mm, 74.7667 mm): Footprint PD6A
    @(79.7125 mm, 76.3667 mm): Footprint D6

** Found 263 unconnected pads **
[unconnected_items]: Missing connection between items
    Local override; error
    @(70.5567 mm, 50.4182 mm): Pad 2 [TIA_IN_3A] of U2 on F.Cu
    @(70.5217 mm, 58.5582 mm): Track [TIA_IN_3A] on F.Cu, length 3.1434 mm
[unconnected_items]: Missing connection between items
    Local override; error
    @(80.6500 mm, 46.6765 mm): Pad 2 [TIA_IN_3A] of PD3A on F.Cu
    @(70.5567 mm, 50.4182 mm): Pad 2 [TIA_IN_3A] of U2 on F.Cu
[unconnected_items]: Missing connection between items
    Local override; error
    @(70.5567 mm, 49.1482 mm): Pad 1 [TIA_OUT_3A] of U2 on F.Cu
    @(71.5417 mm, 58.5582 mm): Track [TIA_OUT_3A] on F.Cu, length 3.1050 mm
[unconnected_items]: Missing connection between items
    Local override; error
    @(96.0133 mm, 136.3150 mm): Pad 21 [TIA_OUT_3A] of U6 on F.Cu
    @(71.5417 mm, 58.5582 mm): Track [TIA_OUT_3A] on F.Cu, length 3.1050 mm
[unconnected_items]: Missing connection between items
    Local override; error
    @(70.5567 mm, 106.5987 mm): Pad 2 [TIA_IN_9A] of U5 on F.Cu
    @(70.5217 mm, 114.7387 mm): Track [TIA_IN_9A] on F.Cu, length 3.1434 mm
[unconnected_items]: Missing connection between items
    Local override; error
    @(80.6500 mm, 102.8570 mm): Pad 2 [TIA_IN_9A] of PD9A on F.Cu
    @(70.5567 mm, 106.5987 mm): Pad 2 [TIA_IN_9A] of U5 on F.Cu
[unconnected_items]: Missing connection between items
    Local override; error
    @(70.5567 mm, 105.3287 mm): Pad 1 [TIA_OUT_9A] of U5 on F.Cu
    @(71.5417 mm, 114.7387 mm): Track [TIA_OUT_9A] on F.Cu, length 3.1050 mm
[unconnected_items]: Missing connection between items
    Local override; error
    @(71.5417 mm, 114.7387 mm): Track [TIA_OUT_9A] on F.Cu, length 3.1050 mm
    @(102.4383 mm, 149.7400 mm): Pad 54 [TIA_OUT_9A] of U6 on F.Cu
[unconnected_items]: Missing connection between items
    Local override; error
    @(70.5517 mm, 47.0313 mm): Pad 1 [+3V3A] of Cd12 on F.Cu
    @(74.5517 mm, 44.6313 mm): Pad 1 [+3V3A] of Cd11 on F.Cu
[unconnected_items]: Missing connection between items
    Local override; error
    @(70.5517 mm, 65.7582 mm): Pad 1 [+3V3A] of Cd22 on F.Cu
    @(74.5517 mm, 63.3582 mm): Pad 1 [+3V3A] of Cd21 on F.Cu
[unconnected_items]: Missing connection between items
    Local override; error
    @(70.5517 mm, 84.4850 mm): Pad 1 [+3V3A] of Cd32 on F.Cu
    @(70.5567 mm, 90.4118 mm): Pad 4 [+3V3A] of U4 on F.Cu
[unconnected_items]: Missing connection between items
    Local override; error
    @(70.5517 mm, 103.2118 mm): Pad 1 [+3V3A] of Cd42 on F.Cu
    @(74.5517 mm, 100.8118 mm): Pad 1 [+3V3A] of Cd41 on F.Cu
[unconnected_items]: Missing connection between items
    Local override; error
    @(70.5517 mm, 121.9387 mm): Pad 1 [+3V3A] of Cd52 on F.Cu
    @(74.5517 mm, 119.5387 mm): Pad 1 [+3V3A] of Cd51 on F.Cu
[unconnected_items]: Missing connection between items
    Local override; error
    @(70.5567 mm, 34.2313 mm): Pad 4 [+3V3A] of U1 on F.Cu
    @(74.5517 mm, 44.6313 mm): Pad 1 [+3V3A] of Cd11 on F.Cu
[unconnected_items]: Missing connection between items
    Local override; error
    @(70.5567 mm, 52.9582 mm): Pad 4 [+3V3A] of U2 on F.Cu
    @(70.5517 mm, 47.0313 mm): Pad 1 [+3V3A] of Cd12 on F.Cu
[unconnected_items]: Missing connection between items
    Local override; error
    @(70.5567 mm, 52.9582 mm): Pad 4 [+3V3A] of U2 on F.Cu
    @(74.5517 mm, 63.3582 mm): Pad 1 [+3V3A] of Cd21 on F.Cu
[unconnected_items]: Missing connection between items
    Local override; error
    @(70.5567 mm, 71.6850 mm): Pad 4 [+3V3A] of U3 on F.Cu
    @(70.5517 mm, 65.7582 mm): Pad 1 [+3V3A] of Cd22 on F.Cu
[unconnected_items]: Missing connection between items
    Local override; error
    @(70.5567 mm, 71.6850 mm): Pad 4 [+3V3A] of U3 on F.Cu
    @(74.5517 mm, 82.0850 mm): Pad 1 [+3V3A] of Cd31 on F.Cu
[unconnected_items]: Missing connection between items
    Local override; error
    @(70.5567 mm, 109.1387 mm): Pad 4 [+3V3A] of U5 on F.Cu
    @(70.5517 mm, 103.2118 mm): Pad 1 [+3V3A] of Cd42 on F.Cu
[unconnected_items]: Missing connection between items
    Local override; error
    @(70.5567 mm, 109.1387 mm): Pad 4 [+3V3A] of U5 on F.Cu
    @(74.5517 mm, 119.5387 mm): Pad 1 [+3V3A] of Cd51 on F.Cu
[unconnected_items]: Missing connection between items
    Local override; error
    @(74.5517 mm, 82.0850 mm): Pad 1 [+3V3A] of Cd31 on F.Cu
    @(70.5517 mm, 84.4850 mm): Pad 1 [+3V3A] of Cd32 on F.Cu
[unconnected_items]: Missing connection between items
    Local override; error
    @(74.5517 mm, 100.8118 mm): Pad 1 [+3V3A] of Cd41 on F.Cu
    @(70.5567 mm, 90.4118 mm): Pad 4 [+3V3A] of U4 on F.Cu
[unconnected_items]: Missing connection between items
    Local override; error
    @(91.8647 mm, 161.1300 mm): Pad 5 [+3V3A] of U9 on F.Cu
    @(93.7672 mm, 162.0800 mm): Pad 1 [+3V3A] of C132 on F.Cu
[unconnected_items]: Missing connection between items
    Local override; error
    @(93.7672 mm, 162.0800 mm): Pad 1 [+3V3A] of C132 on F.Cu
    @(100.0253 mm, 161.1300 mm): Pad 5 [+3V3A] of U11 on F.Cu
[unconnected_items]: Missing connection between items
    Local override; error
    @(96.0133 mm, 144.8150 mm): Pad 38 [+3V3A] of U6 on F.Cu
    @(96.0133 mm, 145.3150 mm): Pad 39 [+3V3A] of U6 on F.Cu
[unconnected_items]: Missing connection between items
    Local override; error
    @(96.0133 mm, 144.8150 mm): Pad 38 [+3V3A] of U6 on F.Cu
    @(74.5517 mm, 119.5387 mm): Pad 1 [+3V3A] of Cd51 on F.Cu
[unconnected_items]: Missing connection between items
    Local override; error
    @(96.0133 mm, 145.3150 mm): Pad 39 [+3V3A] of U6 on F.Cu
    @(101.2137 mm, 153.2950 mm): Pad 1 [+3V3A] of C110 on F.Cu
[unconnected_items]: Missing connection between items
    Local override; error
    @(101.2137 mm, 153.2950 mm): Pad 1 [+3V3A] of C110 on F.Cu
    @(104.2824 mm, 153.2950 mm): Pad 1 [+3V3A] of C111 on F.Cu
[unconnected_items]: Missing connection between items
    Local override; error
    @(101.2137 mm, 153.2950 mm): Pad 1 [+3V3A] of C110 on F.Cu
    @(100.0253 mm, 161.1300 mm): Pad 5 [+3V3A] of U11 on F.Cu
[unconnected_items]: Missing connection between items
    Local override; error
    @(104.2824 mm, 153.2950 mm): Pad 1 [+3V3A] of C111 on F.Cu
    @(121.6417 mm, 162.0800 mm): Pad 1 [+3V3A] of R34 on F.Cu
[unconnected_items]: Missing connection between items
    Local override; error
    @(70.5217 mm, 42.2313 mm): Track [TIA_IN_2B] on F.Cu, length 3.1434 mm
    @(80.6500 mm, 40.5130 mm): Pad 2 [TIA_IN_2B] of PD2B on F.Cu
[unconnected_items]: Missing connection between items
    Local override; error
    @(80.6500 mm, 40.5130 mm): Pad 2 [TIA_IN_2B] of PD2B on F.Cu
    @(75.5067 mm, 31.6913 mm): Pad 13 [TIA_IN_2B] of U1 on F.Cu
[unconnected_items]: Missing connection between items
    Local override; error
    @(75.5067 mm, 30.4213 mm): Pad 14 [TIA_OUT_2B] of U1 on F.Cu
    @(71.5417 mm, 42.2313 mm): Track [TIA_OUT_2B] on F.Cu, length 3.1050 mm
[unconnected_items]: Missing connection between items
    Local override; error
    @(96.0133 mm, 146.3150 mm): Pad 41 [TIA_OUT_2B] of U6 on F.Cu
    @(71.5417 mm, 42.2313 mm): Track [TIA_OUT_2B] on F.Cu, length 3.1050 mm
[unconnected_items]: Missing connection between items
    Local override; error
    @(73.5954 mm, 153.2950 mm): Pad 1 [+3V3D] of C101 on F.Cu
    @(70.5267 mm, 153.2950 mm): Pad 1 [+3V3D] of C100 on F.Cu
[unconnected_items]: Missing connection between items
    Local override; error
    @(76.6641 mm, 153.2950 mm): Pad 1 [+3V3D] of C102 on F.Cu
    @(79.7328 mm, 153.2950 mm): Pad 1 [+3V3D] of C103 on F.Cu
[unconnected_items]: Missing connection between items
    Local override; error
    @(76.6641 mm, 153.2950 mm): Pad 1 [+3V3D] of C102 on F.Cu
    @(73.5954 mm, 153.2950 mm): Pad 1 [+3V3D] of C101 on F.Cu
[unconnected_items]: Missing connection between items
    Local override; error
    @(79.7328 mm, 153.2950 mm): Pad 1 [+3V3D] of C103 on F.Cu
    @(82.8015 mm, 153.2950 mm): Pad 1 [+3V3D] of C104 on F.Cu
[unconnected_items]: Missing connection between items
    Local override; error
    @(83.5067 mm, 162.0800 mm): Pad 1 [+3V3D] of C131 on F.Cu
    @(74.9667 mm, 162.0800 mm): Pad 2 [+3V3D] of U8 on F.Cu
[unconnected_items]: Missing connection between items
    Local override; error
    @(83.5067 mm, 162.0800 mm): Pad 1 [+3V3D] of C131 on F.Cu
    @(82.8015 mm, 153.2950 mm): Pad 1 [+3V3D] of C104 on F.Cu
[unconnected_items]: Missing connection between items
    Local override; error
    @(85.8702 mm, 153.2950 mm): Pad 1 [+3V3D] of C105 on F.Cu
    @(82.8015 mm, 153.2950 mm): Pad 1 [+3V3D] of C104 on F.Cu
[unconnected_items]: Missing connection between items
    Local override; error
    @(85.8702 mm, 153.2950 mm): Pad 1 [+3V3D] of C105 on F.Cu
    @(88.9389 mm, 153.2950 mm): Pad 1 [+3V3D] of C106 on F.Cu
[unconnected_items]: Missing connection between items
    Local override; error
    @(88.9389 mm, 153.2950 mm): Pad 1 [+3V3D] of C106 on F.Cu
    @(92.0076 mm, 153.2950 mm): Pad 1 [+3V3D] of C107 on F.Cu
[unconnected_items]: Missing connection between items
    Local override; error
    @(92.0076 mm, 153.2950 mm): Pad 1 [+3V3D] of C107 on F.Cu
    @(95.0763 mm, 153.2950 mm): Pad 1 [+3V3D] of C108 on F.Cu
[unconnected_items]: Missing connection between items
    Local override; error
    @(95.0763 mm, 153.2950 mm): Pad 1 [+3V3D] of C108 on F.Cu
    @(98.1450 mm, 153.2950 mm): Pad 1 [+3V3D] of C109 on F.Cu
[unconnected_items]: Missing connection between items
    Local override; error
    @(96.0133 mm, 128.8150 mm): Pad 6 [+3V3D] of U6 on F.Cu
    @(96.0133 mm, 133.3150 mm): Pad 15 [+3V3D] of U6 on F.Cu
[unconnected_items]: Missing connection between items
    Local override; error
    @(96.0133 mm, 128.8150 mm): Pad 6 [+3V3D] of U6 on F.Cu
    @(99.9383 mm, 124.3900 mm): Pad 172 [+3V3D] of U6 on F.Cu
[unconnected_items]: Missing connection between items
    Local override; error
    @(96.0133 mm, 133.3150 mm): Pad 15 [+3V3D] of U6 on F.Cu
    @(96.0133 mm, 137.3150 mm): Pad 23 [+3V3D] of U6 on F.Cu
[unconnected_items]: Missing connection between items
    Local override; error
    @(96.0133 mm, 143.8150 mm): Pad 36 [+3V3D] of U6 on F.Cu
    @(96.0133 mm, 137.3150 mm): Pad 23 [+3V3D] of U6 on F.Cu
[unconnected_items]: Missing connection between items
    Local override; error
    @(98.1450 mm, 153.2950 mm): Pad 1 [+3V3D] of C109 on F.Cu
    @(99.9383 mm, 149.7400 mm): Pad 49 [+3V3D] of U6 on F.Cu
[unconnected_items]: Missing connection between items
    Local override; error
    @(99.9383 mm, 149.7400 mm): Pad 49 [+3V3D] of U6 on F.Cu
    @(106.4383 mm, 149.7400 mm): Pad 62 [+3V3D] of U6 on F.Cu
[unconnected_items]: Missing connection between items
    Local override; error
    @(100.4383 mm, 124.3900 mm): Pad 171 [+3V3D] of U6 on F.Cu
    @(99.9383 mm, 124.3900 mm): Pad 172 [+3V3D] of U6 on F.Cu
[unconnected_items]: Missing connection between items
    Local override; error
    @(106.4383 mm, 124.3900 mm): Pad 159 [+3V3D] of U6 on F.Cu
    @(100.4383 mm, 124.3900 mm): Pad 171 [+3V3D] of U6 on F.Cu
[unconnected_items]: Missing connection between items
    Local override; error
    @(106.4383 mm, 149.7400 mm): Pad 62 [+3V3D] of U6 on F.Cu
    @(111.4383 mm, 149.7400 mm): Pad 72 [+3V3D] of U6 on F.Cu
[unconnected_items]: Missing connection between items
    Local override; error
    @(111.4098 mm, 153.2950 mm): Pad 2 [+3V3D] of R31 on F.Cu
    @(111.4383 mm, 149.7400 mm): Pad 72 [+3V3D] of U6 on F.Cu
[unconnected_items]: Missing connection between items
    Local override; error
    @(111.4098 mm, 153.2950 mm): Pad 2 [+3V3D] of R31 on F.Cu
    @(117.3558 mm, 173.0400 mm): Pad 9 [+3V3D] of U7 on F.Cu
[unconnected_items]: Missing connection between items
    Local override; error
    @(111.4383 mm, 124.3900 mm): Pad 149 [+3V3D] of U6 on F.Cu
    @(106.4383 mm, 124.3900 mm): Pad 159 [+3V3D] of U6 on F.Cu
[unconnected_items]: Missing connection between items
    Local override; error
    @(116.4383 mm, 149.7400 mm): Pad 82 [+3V3D] of U6 on F.Cu
    @(111.4383 mm, 149.7400 mm): Pad 72 [+3V3D] of U6 on F.Cu
[unconnected_items]: Missing connection between items
    Local override; error
    @(116.4383 mm, 149.7400 mm): Pad 82 [+3V3D] of U6 on F.Cu
    @(121.3633 mm, 146.8150 mm): Pad 91 [+3V3D] of U6 on F.Cu
[unconnected_items]: Missing connection between items
    Local override; error
    @(117.3558 mm, 173.0400 mm): Pad 9 [+3V3D] of U7 on F.Cu
    @(119.5433 mm, 175.2275 mm): Pad 16 [+3V3D] of U7 on F.Cu
[unconnected_items]: Missing connection between items
    Local override; error
    @(117.9383 mm, 124.3900 mm): Pad 136 [+3V3D] of U6 on F.Cu
    @(111.4383 mm, 124.3900 mm): Pad 149 [+3V3D] of U6 on F.Cu
[unconnected_items]: Missing connection between items
    Local override; error
    @(121.2308 mm, 173.0400 mm): Pad 22 [+3V3D] of U7 on F.Cu
    @(119.5433 mm, 175.2275 mm): Pad 16 [+3V3D] of U7 on F.Cu
[unconnected_items]: Missing connection between items
    Local override; error
    @(121.3633 mm, 128.8150 mm): Pad 127 [+3V3D] of U6 on F.Cu
    @(117.9383 mm, 124.3900 mm): Pad 136 [+3V3D] of U6 on F.Cu
[unconnected_items]: Missing connection between items
    Local override; error
    @(121.3633 mm, 128.8150 mm): Pad 127 [+3V3D] of U6 on F.Cu
    @(121.3633 mm, 135.3150 mm): Pad 114 [+3V3D] of U6 on F.Cu
[unconnected_items]: Missing connection between items
    Local override; error
    @(121.3633 mm, 135.3150 mm): Pad 114 [+3V3D] of U6 on F.Cu
    @(121.3633 mm, 140.8150 mm): Pad 103 [+3V3D] of U6 on F.Cu
[unconnected_items]: Missing connection between items
    Local override; error
    @(121.3633 mm, 146.8150 mm): Pad 91 [+3V3D] of U6 on F.Cu
    @(121.3633 mm, 140.8150 mm): Pad 103 [+3V3D] of U6 on F.Cu
[unconnected_items]: Missing connection between items
    Local override; error
    @(124.2883 mm, 178.4800 mm): Pad 1 [+3V3D] of C121 on F.Cu
    @(119.5433 mm, 175.2275 mm): Pad 16 [+3V3D] of U7 on F.Cu
[unconnected_items]: Missing connection between items
    Local override; error
    @(128.7196 mm, 153.2950 mm): Pad 1 [+3V3D] of TP5 on F.Cu
    @(121.3633 mm, 146.8150 mm): Pad 91 [+3V3D] of U6 on F.Cu
[unconnected_items]: Missing connection between items
    Local override; error
    @(70.5267 mm, 151.3950 mm): Pad 1 [+5V] of C141 on F.Cu
    @(87.0272 mm, 162.0800 mm): Pad 1 [+5V] of C140 on F.Cu
[unconnected_items]: Missing connection between items
    Local override; error
    @(89.5897 mm, 161.1300 mm): Pad 1 [+5V] of U9 on F.Cu
    @(87.0272 mm, 162.0800 mm): Pad 1 [+5V] of C140 on F.Cu
[unconnected_items]: Missing connection between items
    Local override; error
    @(89.5897 mm, 161.1300 mm): Pad 1 [+5V] of U9 on F.Cu
    @(90.5825 mm, 151.3950 mm): Pad 1 [+5V] of C142 on F.Cu
[unconnected_items]: Missing connection between items
    Local override; error
    @(89.5897 mm, 161.1300 mm): Pad 1 [+5V] of U9 on F.Cu
    @(107.9064 mm, 162.0800 mm): Pad 2 [+5V] of FB1 on F.Cu
[unconnected_items]: Missing connection between items
    Local override; error
    @(89.5897 mm, 163.0300 mm): Pad 3 [+5V] of U9 on F.Cu
    @(89.5897 mm, 161.1300 mm): Pad 1 [+5V] of U9 on F.Cu
[unconnected_items]: Missing connection between items
    Local override; error
    @(107.9064 mm, 162.0800 mm): Pad 2 [+5V] of FB1 on F.Cu
    @(110.6383 mm, 151.3950 mm): Pad 1 [+5V] of C143 on F.Cu
[unconnected_items]: Missing connection between items
    Local override; error
    @(70.5217 mm, 117.1387 mm): Track [TIA_IN_10B] on F.Cu, length 3.1434 mm
    @(80.6500 mm, 115.4204 mm): Pad 2 [TIA_IN_10B] of PD10B on F.Cu
[unconnected_items]: Missing connection between items
    Local override; error
    @(80.6500 mm, 115.4204 mm): Pad 2 [TIA_IN_10B] of PD10B on F.Cu
    @(75.5067 mm, 106.5987 mm): Pad 13 [TIA_IN_10B] of U5 on F.Cu
[unconnected_items]: Missing connection between items
    Local override; error
    @(71.5417 mm, 117.1387 mm): Track [TIA_OUT_10B] on F.Cu, length 3.1050 mm
    @(106.9383 mm, 149.7400 mm): Pad 63 [TIA_OUT_10B] of U6 on F.Cu
[unconnected_items]: Missing connection between items
    Local override; error
    @(75.5067 mm, 105.3287 mm): Pad 14 [TIA_OUT_10B] of U5 on F.Cu
    @(71.5417 mm, 117.1387 mm): Track [TIA_OUT_10B] on F.Cu, length 3.1050 mm
[unconnected_items]: Missing connection between items
    Local override; error
    @(78.5100 mm, 167.3700 mm): Pad 1 [BOOT] of U13 on F.Cu
    @(82.3875 mm, 168.3200 mm): Pad 1 [BOOT] of C163 on F.Cu
[unconnected_items]: Missing connection between items
    Local override; error
    @(80.7850 mm, 167.3700 mm): Pad 6 [SW] of U13 on F.Cu
    @(83.3475 mm, 168.3200 mm): Pad 2 [SW] of C163 on F.Cu
[unconnected_items]: Missing connection between items
    Local override; error
    @(83.3475 mm, 168.3200 mm): Pad 2 [SW] of C163 on F.Cu
    @(85.0675 mm, 168.3200 mm): Pad 1 [SW] of L1 on F.Cu
[unconnected_items]: Missing connection between items
    Local override; error
    @(70.5567 mm, 36.7713 mm): Track [TIA_IN_1B] on F.Cu, length 1.9650 mm
    @(80.6500 mm, 31.1496 mm): Pad 2 [TIA_IN_1B] of PD1B on F.Cu
[unconnected_items]: Missing connection between items
    Local override; error
    @(73.5417 mm, 39.8313 mm): Track [TIA_OUT_1B] on F.Cu, length 3.1050 mm
    @(70.5567 mm, 38.0413 mm): Pad 7 [TIA_OUT_1B] of U1 on F.Cu
[unconnected_items]: Missing connection between items
    Local override; error
    @(96.0133 mm, 145.8150 mm): Pad 40 [TIA_OUT_1B] of U6 on F.Cu
    @(73.5417 mm, 39.8313 mm): Track [TIA_OUT_1B] on F.Cu, length 3.1050 mm
[unconnected_items]: Missing connection between items
    Local override; error
    @(70.5567 mm, 74.2250 mm): Track [TIA_IN_5B] on F.Cu, length 1.9650 mm
    @(80.6500 mm, 68.6033 mm): Pad 2 [TIA_IN_5B] of PD5B on F.Cu
[unconnected_items]: Missing connection between items
    Local override; error
    @(73.5417 mm, 77.2850 mm): Track [TIA_OUT_5B] on F.Cu, length 3.1050 mm
    @(70.5567 mm, 75.4950 mm): Pad 7 [TIA_OUT_5B] of U3 on F.Cu
[unconnected_items]: Missing connection between items
    Local override; error
    @(96.0133 mm, 146.8150 mm): Pad 42 [TIA_OUT_5B] of U6 on F.Cu
    @(73.5417 mm, 77.2850 mm): Track [TIA_OUT_5B] on F.Cu, length 3.1050 mm
[unconnected_items]: Missing connection between items
    Local override; error
    @(70.5567 mm, 87.8718 mm): Pad 2 [TIA_IN_7A] of U4 on F.Cu
    @(70.5217 mm, 96.0118 mm): Track [TIA_IN_7A] on F.Cu, length 3.1434 mm
[unconnected_items]: Missing connection between items
    Local override; error
    @(80.6500 mm, 84.1301 mm): Pad 2 [TIA_IN_7A] of PD7A on F.Cu
    @(70.5567 mm, 87.8718 mm): Pad 2 [TIA_IN_7A] of U4 on F.Cu
[unconnected_items]: Missing connection between items
    Local override; error
    @(70.5567 mm, 86.6018 mm): Pad 1 [TIA_OUT_7A] of U4 on F.Cu
    @(71.5417 mm, 96.0118 mm): Track [TIA_OUT_7A] on F.Cu, length 3.1050 mm
[unconnected_items]: Missing connection between items
    Local override; error
    @(96.0133 mm, 139.3150 mm): Pad 27 [TIA_OUT_7A] of U6 on F.Cu
    @(71.5417 mm, 96.0118 mm): Track [TIA_OUT_7A] on F.Cu, length 3.1050 mm
[unconnected_items]: Missing connection between items
    Local override; error
    @(70.5217 mm, 98.4118 mm): Track [TIA_IN_8B] on F.Cu, length 3.1434 mm
    @(80.6500 mm, 96.6935 mm): Pad 2 [TIA_IN_8B] of PD8B on F.Cu
[unconnected_items]: Missing connection between items
    Local override; error
    @(80.6500 mm, 96.6935 mm): Pad 2 [TIA_IN_8B] of PD8B on F.Cu
    @(75.5067 mm, 87.8718 mm): Pad 13 [TIA_IN_8B] of U4 on F.Cu
[unconnected_items]: Missing connection between items
    Local override; error
    @(75.5067 mm, 86.6018 mm): Pad 14 [TIA_OUT_8B] of U4 on F.Cu
    @(71.5417 mm, 98.4118 mm): Track [TIA_OUT_8B] on F.Cu, length 3.1050 mm
[unconnected_items]: Missing connection between items
    Local override; error
    @(101.9383 mm, 149.7400 mm): Pad 53 [TIA_OUT_8B] of U6 on F.Cu
    @(71.5417 mm, 98.4118 mm): Track [TIA_OUT_8B] on F.Cu, length 3.1050 mm
[unconnected_items]: Missing connection between items
    Local override; error
    @(120.0883 mm, 178.4800 mm): Pad 1 [PHY_VDD33] of C120 on F.Cu
    @(120.5433 mm, 175.2275 mm): Pad 18 [PHY_VDD33] of U7 on F.Cu
[unconnected_items]: Missing connection between items
    Local override; error
    @(120.5433 mm, 175.2275 mm): Pad 18 [PHY_VDD33] of U7 on F.Cu
    @(119.0433 mm, 175.2275 mm): Pad 15 [PHY_VDD33] of U7 on F.Cu
[unconnected_items]: Missing connection between items
    Local override; error
    @(70.5567 mm, 111.6787 mm): Track [TIA_IN_9B] on F.Cu, length 1.9650 mm
    @(80.6500 mm, 106.0570 mm): Pad 2 [TIA_IN_9B] of PD9B on F.Cu
[unconnected_items]: Missing connection between items
    Local override; error
    @(73.5417 mm, 114.7387 mm): Track [TIA_OUT_9B] on F.Cu, length 3.1050 mm
    @(70.5567 mm, 112.9487 mm): Pad 7 [TIA_OUT_9B] of U5 on F.Cu
[unconnected_items]: Missing connection between items
    Local override; error
    @(102.9383 mm, 149.7400 mm): Pad 55 [TIA_OUT_9B] of U6 on F.Cu
    @(73.5417 mm, 114.7387 mm): Track [TIA_OUT_9B] on F.Cu, length 3.1050 mm
[unconnected_items]: Missing connection between items
    Local override; error
    @(70.5517 mm, 100.8118 mm): Pad 1 [TIA_IN_8A] of Cf43 on F.Cu
    @(74.2717 mm, 92.9518 mm): Track [TIA_IN_8A] on F.Cu, length 3.0600 mm
[unconnected_items]: Missing connection between items
    Local override; error
    @(71.5117 mm, 100.8118 mm): Pad 2 [TIA_OUT_8A] of Cf43 on F.Cu
    @(75.5067 mm, 94.2218 mm): Track [TIA_OUT_8A] on F.Cu, length 1.7903 mm
[unconnected_items]: Missing connection between items
    Local override; error
    @(71.5117 mm, 100.8118 mm): Pad 2 [TIA_OUT_8A] of Cf43 on F.Cu
    @(96.0133 mm, 139.8150 mm): Pad 28 [TIA_OUT_8A] of U6 on F.Cu
[unconnected_items]: Missing connection between items
    Local override; error
    @(70.5517 mm, 82.0850 mm): Pad 1 [TIA_IN_6A] of Cf33 on F.Cu
    @(74.2717 mm, 77.2850 mm): Track [TIA_IN_6A] on F.Cu, length 0.2500 mm
[unconnected_items]: Missing connection between items
    Local override; error
    @(71.5117 mm, 82.0850 mm): Pad 2 [TIA_OUT_6A] of Cf33 on F.Cu
    @(75.5067 mm, 75.4950 mm): Track [TIA_OUT_6A] on F.Cu, length 1.7903 mm
[unconnected_items]: Missing connection between items
    Local override; error
    @(71.5117 mm, 82.0850 mm): Pad 2 [TIA_OUT_6A] of Cf33 on F.Cu
    @(96.0133 mm, 138.8150 mm): Pad 26 [TIA_OUT_6A] of U6 on F.Cu
[unconnected_items]: Missing connection between items
    Local override; error
    @(70.5567 mm, 92.9518 mm): Track [TIA_IN_7B] on F.Cu, length 1.9650 mm
    @(80.6500 mm, 87.3301 mm): Pad 2 [TIA_IN_7B] of PD7B on F.Cu
[unconnected_items]: Missing connection between items
    Local override; error
    @(73.5417 mm, 96.0118 mm): Track [TIA_OUT_7B] on F.Cu, length 3.1050 mm
    @(70.5567 mm, 94.2218 mm): Pad 7 [TIA_OUT_7B] of U4 on F.Cu
[unconnected_items]: Missing connection between items
    Local override; error
    @(101.4383 mm, 149.7400 mm): Pad 52 [TIA_OUT_7B] of U6 on F.Cu
    @(73.5417 mm, 96.0118 mm): Track [TIA_OUT_7B] on F.Cu, length 3.1050 mm
[unconnected_items]: Missing connection between items
    Local override; error
    @(70.5567 mm, 31.6913 mm): Pad 2 [TIA_IN_1A] of U1 on F.Cu
    @(70.5217 mm, 39.8313 mm): Track [TIA_IN_1A] on F.Cu, length 3.1434 mm
[unconnected_items]: Missing connection between items
    Local override; error
    @(80.6500 mm, 27.9496 mm): Pad 2 [TIA_IN_1A] of PD1A on F.Cu
    @(70.5567 mm, 31.6913 mm): Pad 2 [TIA_IN_1A] of U1 on F.Cu
[unconnected_items]: Missing connection between items
    Local override; error
    @(70.5567 mm, 30.4213 mm): Pad 1 [TIA_OUT_1A] of U1 on F.Cu
    @(71.5417 mm, 39.8313 mm): Track [TIA_OUT_1A] on F.Cu, length 3.1050 mm
[unconnected_items]: Missing connection between items
    Local override; error
    @(96.0133 mm, 135.3150 mm): Pad 19 [TIA_OUT_1A] of U6 on F.Cu
    @(71.5417 mm, 39.8313 mm): Track [TIA_OUT_1A] on F.Cu, length 3.1050 mm
[unconnected_items]: Missing connection between items
    Local override; error
    @(70.5517 mm, 63.3582 mm): Pad 1 [TIA_IN_4A] of Cf23 on F.Cu
    @(74.2717 mm, 58.5582 mm): Track [TIA_IN_4A] on F.Cu, length 0.2500 mm
[unconnected_items]: Missing connection between items
    Local override; error
    @(71.5117 mm, 63.3582 mm): Pad 2 [TIA_OUT_4A] of Cf23 on F.Cu
    @(75.5067 mm, 56.7682 mm): Track [TIA_OUT_4A] on F.Cu, length 1.7903 mm
[unconnected_items]: Missing connection between items
    Local override; error
    @(71.5117 mm, 63.3582 mm): Pad 2 [TIA_OUT_4A] of Cf23 on F.Cu
    @(96.0133 mm, 137.8150 mm): Pad 24 [TIA_OUT_4A] of U6 on F.Cu
[unconnected_items]: Missing connection between items
    Local override; error
    @(75.9475 mm, 168.3200 mm): Pad 1 [+24V] of C161 on F.Cu
    @(71.4825 mm, 168.3200 mm): Pad 1 [+24V] of C160 on F.Cu
[unconnected_items]: Missing connection between items
    Local override; error
    @(77.1767 mm, 184.9700 mm): Pad 2 [+24V] of J2 on F.Cu
    @(79.6767 mm, 184.9700 mm): Pad 3 [+24V] of J2 on F.Cu
[unconnected_items]: Missing connection between items
    Local override; error
    @(79.6767 mm, 184.9700 mm): Pad 3 [+24V] of J2 on F.Cu
    @(80.7850 mm, 169.2700 mm): Pad 4 [+24V] of U13 on F.Cu
[unconnected_items]: Missing connection between items
    Local override; error
    @(80.7850 mm, 168.3200 mm): Pad 5 [+24V] of U13 on F.Cu
    @(75.9475 mm, 168.3200 mm): Pad 1 [+24V] of C161 on F.Cu
[unconnected_items]: Missing connection between items
    Local override; error
    @(80.7850 mm, 169.2700 mm): Pad 4 [+24V] of U13 on F.Cu
    @(80.7850 mm, 168.3200 mm): Pad 5 [+24V] of U13 on F.Cu
[unconnected_items]: Missing connection between items
    Local override; error
    @(121.2308 mm, 172.5400 mm): Pad 23 [PHY_1V8] of U7 on F.Cu
    @(124.4833 mm, 172.1700 mm): Pad 1 [PHY_1V8] of C122 on F.Cu
[unconnected_items]: Missing connection between items
    Local override; error
    @(70.5217 mm, 60.9582 mm): Track [TIA_IN_4B] on F.Cu, length 3.1434 mm
    @(80.6500 mm, 59.2399 mm): Pad 2 [TIA_IN_4B] of PD4B on F.Cu
[unconnected_items]: Missing connection between items
    Local override; error
    @(80.6500 mm, 59.2399 mm): Pad 2 [TIA_IN_4B] of PD4B on F.Cu
    @(75.5067 mm, 50.4182 mm): Pad 13 [TIA_IN_4B] of U2 on F.Cu
[unconnected_items]: Missing connection between items
    Local override; error
    @(75.5067 mm, 49.1482 mm): Pad 14 [TIA_OUT_4B] of U2 on F.Cu
    @(71.5417 mm, 60.9582 mm): Track [TIA_OUT_4B] on F.Cu, length 3.1050 mm
[unconnected_items]: Missing connection between items
    Local override; error
    @(105.4383 mm, 149.7400 mm): Pad 60 [TIA_OUT_4B] of U6 on F.Cu
    @(71.5417 mm, 60.9582 mm): Track [TIA_OUT_4B] on F.Cu, length 3.1050 mm
[unconnected_items]: Missing connection between items
    Local override; error
    @(96.0133 mm, 140.8150 mm): Pad 30 [OSC_OUT] of U6 on F.Cu
    @(121.9733 mm, 156.4900 mm): Pad 1 [OSC_OUT] of C124 on F.Cu
[unconnected_items]: Missing connection between items
    Local override; error
    @(121.9733 mm, 156.4900 mm): Pad 1 [OSC_OUT] of C124 on F.Cu
    @(128.9233 mm, 155.6400 mm): Pad 3 [OSC_OUT] of Y1 on F.Cu
[unconnected_items]: Missing connection between items
    Local override; error
    @(90.2472 mm, 156.4900 mm): Pad 1 [LDO_BYP] of C127 on F.Cu
    @(91.8647 mm, 163.0300 mm): Pad 4 [LDO_BYP] of U9 on F.Cu
[unconnected_items]: Missing connection between items
    Local override; error
    @(70.5517 mm, 44.6313 mm): Pad 1 [TIA_IN_2A] of Cf13 on F.Cu
    @(74.2717 mm, 36.7713 mm): Track [TIA_IN_2A] on F.Cu, length 3.0600 mm
[unconnected_items]: Missing connection between items
    Local override; error
    @(71.5117 mm, 44.6313 mm): Pad 2 [TIA_OUT_2A] of Cf13 on F.Cu
    @(75.5067 mm, 38.0413 mm): Track [TIA_OUT_2A] on F.Cu, length 1.7903 mm
[unconnected_items]: Missing connection between items
    Local override; error
    @(71.5117 mm, 44.6313 mm): Pad 2 [TIA_OUT_2A] of Cf13 on F.Cu
    @(96.0133 mm, 135.8150 mm): Pad 20 [TIA_OUT_2A] of U6 on F.Cu
[unconnected_items]: Missing connection between items
    Local override; error
    @(70.5217 mm, 79.6850 mm): Track [TIA_IN_6B] on F.Cu, length 3.1434 mm
    @(80.6500 mm, 77.9667 mm): Pad 2 [TIA_IN_6B] of PD6B on F.Cu
[unconnected_items]: Missing connection between items
    Local override; error
    @(80.6500 mm, 77.9667 mm): Pad 2 [TIA_IN_6B] of PD6B on F.Cu
    @(75.5067 mm, 69.1450 mm): Pad 13 [TIA_IN_6B] of U3 on F.Cu
[unconnected_items]: Missing connection between items
    Local override; error
    @(75.5067 mm, 67.8750 mm): Pad 14 [TIA_OUT_6B] of U3 on F.Cu
    @(71.5417 mm, 79.6850 mm): Track [TIA_OUT_6B] on F.Cu, length 3.1050 mm
[unconnected_items]: Missing connection between items
    Local override; error
    @(100.4383 mm, 149.7400 mm): Pad 50 [TIA_OUT_6B] of U6 on F.Cu
    @(71.5417 mm, 79.6850 mm): Track [TIA_OUT_6B] on F.Cu, length 3.1050 mm
[unconnected_items]: Missing connection between items
    Local override; error
    @(127.7933 mm, 174.8900 mm): Pad 1 [PHY_XI] of Y2 on F.Cu
    @(121.2308 mm, 173.5400 mm): Pad 21 [PHY_XI] of U7 on F.Cu
[unconnected_items]: Missing connection between items
    Local override; error
    @(129.4033 mm, 175.2700 mm): Pad 1 [PHY_XI] of C125 on F.Cu
    @(127.7933 mm, 174.8900 mm): Pad 1 [PHY_XI] of Y2 on F.Cu
[unconnected_items]: Missing connection between items
    Local override; error
    @(70.5567 mm, 69.1450 mm): Pad 2 [TIA_IN_5A] of U3 on F.Cu
    @(70.5217 mm, 77.2850 mm): Track [TIA_IN_5A] on F.Cu, length 3.1434 mm
[unconnected_items]: Missing connection between items
    Local override; error
    @(80.6500 mm, 65.4033 mm): Pad 2 [TIA_IN_5A] of PD5A on F.Cu
    @(70.5567 mm, 69.1450 mm): Pad 2 [TIA_IN_5A] of U3 on F.Cu
[unconnected_items]: Missing connection between items
    Local override; error
    @(70.5567 mm, 67.8750 mm): Pad 1 [TIA_OUT_5A] of U3 on F.Cu
    @(71.5417 mm, 77.2850 mm): Track [TIA_OUT_5A] on F.Cu, length 3.1050 mm
[unconnected_items]: Missing connection between items
    Local override; error
    @(96.0133 mm, 138.3150 mm): Pad 25 [TIA_OUT_5A] of U6 on F.Cu
    @(71.5417 mm, 77.2850 mm): Track [TIA_OUT_5A] on F.Cu, length 3.1050 mm
[unconnected_items]: Missing connection between items
    Local override; error
    @(126.0933 mm, 172.6900 mm): Pad 3 [PHY_XO] of Y2 on F.Cu
    @(121.2308 mm, 174.0400 mm): Pad 20 [PHY_XO] of U7 on F.Cu
[unconnected_items]: Missing connection between items
    Local override; error
    @(129.4033 mm, 173.1700 mm): Pad 1 [PHY_XO] of C126 on F.Cu
    @(126.0933 mm, 172.6900 mm): Pad 3 [PHY_XO] of Y2 on F.Cu
[unconnected_items]: Missing connection between items
    Local override; error
    @(96.0133 mm, 140.3150 mm): Pad 29 [OSC_IN] of U6 on F.Cu
    @(124.0733 mm, 156.4900 mm): Pad 1 [OSC_IN] of C123 on F.Cu
[unconnected_items]: Missing connection between items
    Local override; error
    @(124.0733 mm, 156.4900 mm): Pad 1 [OSC_IN] of C123 on F.Cu
    @(126.7233 mm, 157.3400 mm): Pad 1 [OSC_IN] of Y1 on F.Cu
[unconnected_items]: Missing connection between items
    Local override; error
    @(70.5517 mm, 119.5387 mm): Pad 1 [TIA_IN_10A] of Cf53 on F.Cu
    @(74.2717 mm, 111.6787 mm): Track [TIA_IN_10A] on F.Cu, length 3.0600 mm
[unconnected_items]: Missing connection between items
    Local override; error
    @(71.5117 mm, 119.5387 mm): Pad 2 [TIA_OUT_10A] of Cf53 on F.Cu
    @(75.5067 mm, 112.9487 mm): Track [TIA_OUT_10A] on F.Cu, length 1.7903 mm
[unconnected_items]: Missing connection between items
    Local override; error
    @(71.5117 mm, 119.5387 mm): Pad 2 [TIA_OUT_10A] of Cf53 on F.Cu
    @(96.0133 mm, 142.3150 mm): Pad 33 [TIA_OUT_10A] of U6 on F.Cu
[unconnected_items]: Missing connection between items
    Local override; error
    @(70.5567 mm, 55.4982 mm): Track [TIA_IN_3B] on F.Cu, length 1.9650 mm
    @(80.6500 mm, 49.8765 mm): Pad 2 [TIA_IN_3B] of PD3B on F.Cu
[unconnected_items]: Missing connection between items
    Local override; error
    @(73.5417 mm, 58.5582 mm): Track [TIA_OUT_3B] on F.Cu, length 3.1050 mm
    @(70.5567 mm, 56.7682 mm): Pad 7 [TIA_OUT_3B] of U2 on F.Cu
[unconnected_items]: Missing connection between items
    Local override; error
    @(104.9383 mm, 149.7400 mm): Pad 59 [TIA_OUT_3B] of U6 on F.Cu
    @(73.5417 mm, 58.5582 mm): Track [TIA_OUT_3B] on F.Cu, length 3.1050 mm
[unconnected_items]: Missing connection between items
    Local override; error
    @(109.7694 mm, 162.0800 mm): Pad 1 [VBUS] of C130 on F.Cu
    @(117.5933 mm, 180.5225 mm): Pad 5 [VBUS] of U10 on F.Cu
[unconnected_items]: Missing connection between items
    Local override; error
    @(115.1433 mm, 186.0250 mm): Pad B9 [VBUS] of J1 on F.Cu
    @(120.0433 mm, 186.0250 mm): Pad A9 [VBUS] of J1 on F.Cu
[unconnected_items]: Missing connection between items
    Local override; error
    @(117.5933 mm, 180.5225 mm): Pad 5 [VBUS] of U10 on F.Cu
    @(120.0433 mm, 186.0250 mm): Pad A9 [VBUS] of J1 on F.Cu
[unconnected_items]: Missing connection between items
    Local override; error
    @(122.1583 mm, 178.4800 mm): Pad 1 [VBUS] of R39 on F.Cu
    @(117.5933 mm, 180.5225 mm): Pad 5 [VBUS] of U10 on F.Cu
[unconnected_items]: Missing connection between items
    Local override; error
    @(70.5567 mm, 32.9613 mm): Pad 3 [MID] of U1 on F.Cu
    @(70.5567 mm, 35.5013 mm): Pad 5 [MID] of U1 on F.Cu
[unconnected_items]: Missing connection between items
    Local override; error
    @(70.5567 mm, 32.9613 mm): Pad 3 [MID] of U1 on F.Cu
    @(75.5067 mm, 32.9613 mm): Pad 12 [MID] of U1 on F.Cu
[unconnected_items]: Missing connection between items
    Local override; error
    @(70.5567 mm, 51.6882 mm): Pad 3 [MID] of U2 on F.Cu
    @(70.5567 mm, 54.2282 mm): Pad 5 [MID] of U2 on F.Cu
[unconnected_items]: Missing connection between items
    Local override; error
    @(70.5567 mm, 70.4150 mm): Pad 3 [MID] of U3 on F.Cu
    @(70.5567 mm, 72.9550 mm): Pad 5 [MID] of U3 on F.Cu
[unconnected_items]: Missing connection between items
    Local override; error
    @(70.5567 mm, 72.9550 mm): Pad 5 [MID] of U3 on F.Cu
    @(75.5067 mm, 72.9550 mm): Pad 10 [MID] of U3 on F.Cu
[unconnected_items]: Missing connection between items
    Local override; error
    @(70.5567 mm, 89.1418 mm): Pad 3 [MID] of U4 on F.Cu
    @(70.5567 mm, 91.6818 mm): Pad 5 [MID] of U4 on F.Cu
[unconnected_items]: Missing connection between items
    Local override; error
    @(70.5567 mm, 91.6818 mm): Pad 5 [MID] of U4 on F.Cu
    @(75.5067 mm, 91.6818 mm): Pad 10 [MID] of U4 on F.Cu
[unconnected_items]: Missing connection between items
    Local override; error
    @(70.5567 mm, 107.8687 mm): Pad 3 [MID] of U5 on F.Cu
    @(70.5567 mm, 110.4087 mm): Pad 5 [MID] of U5 on F.Cu
[unconnected_items]: Missing connection between items
    Local override; error
    @(70.5567 mm, 110.4087 mm): Pad 5 [MID] of U5 on F.Cu
    @(75.5067 mm, 110.4087 mm): Pad 10 [MID] of U5 on F.Cu
[unconnected_items]: Missing connection between items
    Local override; error
    @(75.5067 mm, 32.9613 mm): Pad 12 [MID] of U1 on F.Cu
    @(78.7750 mm, 31.1496 mm): Pad 1 [MID] of PD1B on F.Cu
[unconnected_items]: Missing connection between items
    Local override; error
    @(75.5067 mm, 35.5013 mm): Pad 10 [MID] of U1 on F.Cu
    @(75.5067 mm, 32.9613 mm): Pad 12 [MID] of U1 on F.Cu
[unconnected_items]: Missing connection between items
    Local override; error
    @(75.5067 mm, 51.6882 mm): Pad 12 [MID] of U2 on F.Cu
    @(78.7750 mm, 49.8765 mm): Pad 1 [MID] of PD3B on F.Cu
[unconnected_items]: Missing connection between items
    Local override; error
    @(75.5067 mm, 54.2282 mm): Pad 10 [MID] of U2 on F.Cu
    @(75.5067 mm, 51.6882 mm): Pad 12 [MID] of U2 on F.Cu
[unconnected_items]: Missing connection between items
    Local override; error
    @(75.5067 mm, 54.2282 mm): Pad 10 [MID] of U2 on F.Cu
    @(70.5567 mm, 54.2282 mm): Pad 5 [MID] of U2 on F.Cu
[unconnected_items]: Missing connection between items
    Local override; error
    @(75.5067 mm, 70.4150 mm): Pad 12 [MID] of U3 on F.Cu
    @(75.5067 mm, 72.9550 mm): Pad 10 [MID] of U3 on F.Cu
[unconnected_items]: Missing connection between items
    Local override; error
    @(75.5067 mm, 72.9550 mm): Pad 10 [MID] of U3 on F.Cu
    @(78.7750 mm, 74.7667 mm): Pad 1 [MID] of PD6A on F.Cu
[unconnected_items]: Missing connection between items
    Local override; error
    @(75.5067 mm, 89.1418 mm): Pad 12 [MID] of U4 on F.Cu
    @(75.5067 mm, 91.6818 mm): Pad 10 [MID] of U4 on F.Cu
[unconnected_items]: Missing connection between items
    Local override; error
    @(75.5067 mm, 107.8687 mm): Pad 12 [MID] of U5 on F.Cu
    @(75.5067 mm, 110.4087 mm): Pad 10 [MID] of U5 on F.Cu
[unconnected_items]: Missing connection between items
    Local override; error
    @(78.7750 mm, 31.1496 mm): Pad 1 [MID] of PD1B on F.Cu
    @(78.7750 mm, 27.9496 mm): Pad 1 [MID] of PD1A on F.Cu
[unconnected_items]: Missing connection between items
    Local override; error
    @(78.7750 mm, 37.3130 mm): Pad 1 [MID] of PD2A on F.Cu
    @(78.7750 mm, 40.5130 mm): Pad 1 [MID] of PD2B on F.Cu
[unconnected_items]: Missing connection between items
    Local override; error
    @(78.7750 mm, 37.3130 mm): Pad 1 [MID] of PD2A on F.Cu
    @(75.5067 mm, 35.5013 mm): Pad 10 [MID] of U1 on F.Cu
[unconnected_items]: Missing connection between items
    Local override; error
    @(78.7750 mm, 40.5130 mm): Pad 1 [MID] of PD2B on F.Cu
    @(78.7750 mm, 46.6765 mm): Pad 1 [MID] of PD3A on F.Cu
[unconnected_items]: Missing connection between items
    Local override; error
    @(78.7750 mm, 46.6765 mm): Pad 1 [MID] of PD3A on F.Cu
    @(78.7750 mm, 49.8765 mm): Pad 1 [MID] of PD3B on F.Cu
[unconnected_items]: Missing connection between items
    Local override; error
    @(78.7750 mm, 56.0399 mm): Pad 1 [MID] of PD4A on F.Cu
    @(78.7750 mm, 59.2399 mm): Pad 1 [MID] of PD4B on F.Cu
[unconnected_items]: Missing connection between items
    Local override; error
    @(78.7750 mm, 56.0399 mm): Pad 1 [MID] of PD4A on F.Cu
    @(75.5067 mm, 54.2282 mm): Pad 10 [MID] of U2 on F.Cu
[unconnected_items]: Missing connection between items
    Local override; error
    @(78.7750 mm, 65.4033 mm): Pad 1 [MID] of PD5A on F.Cu
    @(78.7750 mm, 68.6033 mm): Pad 1 [MID] of PD5B on F.Cu
[unconnected_items]: Missing connection between items
    Local override; error
    @(78.7750 mm, 65.4033 mm): Pad 1 [MID] of PD5A on F.Cu
    @(78.7750 mm, 59.2399 mm): Pad 1 [MID] of PD4B on F.Cu
[unconnected_items]: Missing connection between items
    Local override; error
    @(78.7750 mm, 68.6033 mm): Pad 1 [MID] of PD5B on F.Cu
    @(75.5067 mm, 70.4150 mm): Pad 12 [MID] of U3 on F.Cu
[unconnected_items]: Missing connection between items
    Local override; error
    @(78.7750 mm, 74.7667 mm): Pad 1 [MID] of PD6A on F.Cu
    @(78.7750 mm, 77.9667 mm): Pad 1 [MID] of PD6B on F.Cu
[unconnected_items]: Missing connection between items
    Local override; error
    @(78.7750 mm, 84.1301 mm): Pad 1 [MID] of PD7A on F.Cu
    @(78.7750 mm, 77.9667 mm): Pad 1 [MID] of PD6B on F.Cu
[unconnected_items]: Missing connection between items
    Local override; error
    @(78.7750 mm, 87.3301 mm): Pad 1 [MID] of PD7B on F.Cu
    @(78.7750 mm, 84.1301 mm): Pad 1 [MID] of PD7A on F.Cu
[unconnected_items]: Missing connection between items
    Local override; error
    @(78.7750 mm, 87.3301 mm): Pad 1 [MID] of PD7B on F.Cu
    @(75.5067 mm, 89.1418 mm): Pad 12 [MID] of U4 on F.Cu
[unconnected_items]: Missing connection between items
    Local override; error
    @(78.7750 mm, 93.4935 mm): Pad 1 [MID] of PD8A on F.Cu
    @(75.5067 mm, 91.6818 mm): Pad 10 [MID] of U4 on F.Cu
[unconnected_items]: Missing connection between items
    Local override; error
    @(78.7750 mm, 96.6935 mm): Pad 1 [MID] of PD8B on F.Cu
    @(78.7750 mm, 93.4935 mm): Pad 1 [MID] of PD8A on F.Cu
[unconnected_items]: Missing connection between items
    Local override; error
    @(78.7750 mm, 96.6935 mm): Pad 1 [MID] of PD8B on F.Cu
    @(78.7750 mm, 102.8570 mm): Pad 1 [MID] of PD9A on F.Cu
[unconnected_items]: Missing connection between items
    Local override; error
    @(78.7750 mm, 102.8570 mm): Pad 1 [MID] of PD9A on F.Cu
    @(78.7750 mm, 106.0570 mm): Pad 1 [MID] of PD9B on F.Cu
[unconnected_items]: Missing connection between items
    Local override; error
    @(78.7750 mm, 106.0570 mm): Pad 1 [MID] of PD9B on F.Cu
    @(75.5067 mm, 107.8687 mm): Pad 12 [MID] of U5 on F.Cu
[unconnected_items]: Missing connection between items
    Local override; error
    @(78.7750 mm, 112.2204 mm): Pad 1 [MID] of PD10A on F.Cu
    @(75.5067 mm, 110.4087 mm): Pad 10 [MID] of U5 on F.Cu
[unconnected_items]: Missing connection between items
    Local override; error
    @(78.7750 mm, 115.4204 mm): Pad 1 [MID] of PD10B on F.Cu
    @(78.7750 mm, 112.2204 mm): Pad 1 [MID] of PD10A on F.Cu
[unconnected_items]: Missing connection between items
    Local override; error
    @(97.7503 mm, 161.1300 mm): Pad 1 [MID] of U11 on F.Cu
    @(100.0253 mm, 163.0300 mm): Pad 4 [MID] of U11 on F.Cu
[unconnected_items]: Missing connection between items
    Local override; error
    @(97.7503 mm, 161.1300 mm): Pad 1 [MID] of U11 on F.Cu
    @(78.7750 mm, 115.4204 mm): Pad 1 [MID] of PD10B on F.Cu
[unconnected_items]: Missing connection between items
    Local override; error
    @(100.0253 mm, 163.0300 mm): Pad 4 [MID] of U11 on F.Cu
    @(113.5900 mm, 162.0800 mm): Pad 1 [MID] of C133 on F.Cu
[unconnected_items]: Missing connection between items
    Local override; error
    @(70.8267 mm, 162.0800 mm): Pad 1 [V5_PRE] of C164 on F.Cu
    @(74.9667 mm, 164.3800 mm): Pad 3 [V5_PRE] of U8 on F.Cu
[unconnected_items]: Missing connection between items
    Local override; error
    @(70.8267 mm, 162.0800 mm): Pad 1 [V5_PRE] of C164 on F.Cu
    @(78.8875 mm, 118.5021 mm): Pad 1 [V5_PRE] of R10 on F.Cu
[unconnected_items]: Missing connection between items
    Local override; error
    @(74.9667 mm, 164.3800 mm): Pad 3 [V5_PRE] of U8 on F.Cu
    @(88.0675 mm, 168.3200 mm): Pad 2 [V5_PRE] of L1 on F.Cu
[unconnected_items]: Missing connection between items
    Local override; error
    @(78.8875 mm, 43.5948 mm): Pad 1 [V5_PRE] of R2 on F.Cu
    @(78.8875 mm, 34.2313 mm): Pad 1 [V5_PRE] of R1 on F.Cu
[unconnected_items]: Missing connection between items
    Local override; error
    @(78.8875 mm, 52.9582 mm): Pad 1 [V5_PRE] of R3 on F.Cu
    @(78.8875 mm, 43.5948 mm): Pad 1 [V5_PRE] of R2 on F.Cu
[unconnected_items]: Missing connection between items
    Local override; error
    @(78.8875 mm, 62.3216 mm): Pad 1 [V5_PRE] of R4 on F.Cu
    @(78.8875 mm, 71.6850 mm): Pad 1 [V5_PRE] of R5 on F.Cu
[unconnected_items]: Missing connection between items
    Local override; error
    @(78.8875 mm, 62.3216 mm): Pad 1 [V5_PRE] of R4 on F.Cu
    @(78.8875 mm, 52.9582 mm): Pad 1 [V5_PRE] of R3 on F.Cu
[unconnected_items]: Missing connection between items
    Local override; error
    @(78.8875 mm, 71.6850 mm): Pad 1 [V5_PRE] of R5 on F.Cu
    @(78.8875 mm, 81.0484 mm): Pad 1 [V5_PRE] of R6 on F.Cu
[unconnected_items]: Missing connection between items
    Local override; error
    @(78.8875 mm, 81.0484 mm): Pad 1 [V5_PRE] of R6 on F.Cu
    @(78.8875 mm, 90.4118 mm): Pad 1 [V5_PRE] of R7 on F.Cu
[unconnected_items]: Missing connection between items
    Local override; error
    @(78.8875 mm, 90.4118 mm): Pad 1 [V5_PRE] of R7 on F.Cu
    @(78.8875 mm, 99.7752 mm): Pad 1 [V5_PRE] of R8 on F.Cu
[unconnected_items]: Missing connection between items
    Local override; error
    @(78.8875 mm, 99.7752 mm): Pad 1 [V5_PRE] of R8 on F.Cu
    @(78.8875 mm, 109.1387 mm): Pad 1 [V5_PRE] of R9 on F.Cu
[unconnected_items]: Missing connection between items
    Local override; error
    @(78.8875 mm, 118.5021 mm): Pad 1 [V5_PRE] of R10 on F.Cu
    @(78.8875 mm, 109.1387 mm): Pad 1 [V5_PRE] of R9 on F.Cu
[unconnected_items]: Missing connection between items
    Local override; error
    @(88.0675 mm, 168.3200 mm): Pad 2 [V5_PRE] of L1 on F.Cu
    @(90.0875 mm, 168.3200 mm): Pad 1 [V5_PRE] of C162 on F.Cu
[unconnected_items]: Missing connection between items
    Local override; error
    @(90.0875 mm, 168.3200 mm): Pad 1 [V5_PRE] of C162 on F.Cu
    @(93.3975 mm, 168.3200 mm): Pad 1 [V5_PRE] of R40 on F.Cu
[unconnected_items]: Missing connection between items
    Local override; error
    @(93.3975 mm, 168.3200 mm): Pad 1 [V5_PRE] of R40 on F.Cu
    @(106.3314 mm, 162.0800 mm): Pad 1 [V5_PRE] of FB1 on F.Cu
[unconnected_items]: Missing connection between items
    Local override; error
    @(121.3633 mm, 129.8150 mm): Pad 125 [VCAP2] of U6 on F.Cu
    @(123.3133 mm, 132.9100 mm): Pad 1 [VCAP2] of C113 on F.Cu
[unconnected_items]: Missing connection between items
    Local override; error
    @(114.9883 mm, 151.3950 mm): Pad 1 [VCAP1] of C112 on F.Cu
    @(115.9383 mm, 149.7400 mm): Pad 81 [VCAP1] of U6 on F.Cu
[unconnected_items]: Missing connection between items
    Local override; error
    @(96.0133 mm, 132.3150 mm): Pad 13 [ULPI_DIR] of U6 on F.Cu
    @(120.5433 mm, 171.3525 mm): Pad 1 [ULPI_DIR] of U7 on F.Cu
[unconnected_items]: Missing connection between items
    Local override; error
    @(100.9383 mm, 149.7400 mm): Pad 51 [ULPI_CK] of U6 on F.Cu
    @(120.0433 mm, 171.3525 mm): Pad 2 [ULPI_CK] of U7 on F.Cu
[unconnected_items]: Missing connection between items
    Local override; error
    @(97.9383 mm, 149.7400 mm): Pad 45 [ULPI_NXT] of U6 on F.Cu
    @(119.5433 mm, 171.3525 mm): Pad 3 [ULPI_NXT] of U7 on F.Cu
[unconnected_items]: Missing connection between items
    Local override; error
    @(98.9383 mm, 149.7400 mm): Pad 47 [ULPI_D0] of U6 on F.Cu
    @(119.0433 mm, 171.3525 mm): Pad 4 [ULPI_D0] of U7 on F.Cu
[unconnected_items]: Missing connection between items
    Local override; error
    @(103.4383 mm, 149.7400 mm): Pad 56 [ULPI_D1] of U6 on F.Cu
    @(118.5433 mm, 171.3525 mm): Pad 5 [ULPI_D1] of U7 on F.Cu
[unconnected_items]: Missing connection between items
    Local override; error
    @(103.9383 mm, 149.7400 mm): Pad 57 [ULPI_D2] of U6 on F.Cu
    @(118.0433 mm, 171.3525 mm): Pad 6 [ULPI_D2] of U7 on F.Cu
[unconnected_items]: Missing connection between items
    Local override; error
    @(114.9383 mm, 149.7400 mm): Pad 79 [ULPI_D3] of U6 on F.Cu
    @(117.3558 mm, 172.0400 mm): Pad 7 [ULPI_D3] of U7 on F.Cu
[unconnected_items]: Missing connection between items
    Local override; error
    @(115.4383 mm, 149.7400 mm): Pad 80 [ULPI_D4] of U6 on F.Cu
    @(117.3558 mm, 172.5400 mm): Pad 8 [ULPI_D4] of U7 on F.Cu
[unconnected_items]: Missing connection between items
    Local override; error
    @(117.3558 mm, 173.5400 mm): Pad 10 [ULPI_D5] of U7 on F.Cu
    @(121.3633 mm, 146.3150 mm): Pad 92 [ULPI_D5] of U6 on F.Cu
[unconnected_items]: Missing connection between items
    Local override; error
    @(117.3558 mm, 174.0400 mm): Pad 11 [ULPI_D6] of U7 on F.Cu
    @(121.3633 mm, 145.8150 mm): Pad 93 [ULPI_D6] of U6 on F.Cu
[unconnected_items]: Missing connection between items
    Local override; error
    @(104.4383 mm, 124.3900 mm): Pad 163 [ULPI_D7] of U6 on F.Cu
    @(117.3558 mm, 174.5400 mm): Pad 12 [ULPI_D7] of U7 on F.Cu
[unconnected_items]: Missing connection between items
    Local override; error
    @(120.0433 mm, 175.2275 mm): Pad 17 [PHY_VBUS] of U7 on F.Cu
    @(123.1783 mm, 178.4800 mm): Pad 2 [PHY_VBUS] of R39 on F.Cu
[unconnected_items]: Missing connection between items
    Local override; error
    @(121.2308 mm, 174.5400 mm): Pad 19 [PHY_RBIAS] of U7 on F.Cu
    @(124.4833 mm, 176.1000 mm): Pad 1 [PHY_RBIAS] of R37 on F.Cu
[unconnected_items]: Missing connection between items
    Local override; error
    @(96.0133 mm, 141.8150 mm): Pad 32 [ULPI_STP] of U6 on F.Cu
    @(121.2308 mm, 172.0400 mm): Pad 24 [ULPI_STP] of U7 on F.Cu
[unconnected_items]: Missing connection between items
    Local override; error
    @(78.7750 mm, 29.5496 mm): Pad 1 [LED_ROW] of D1 on F.Cu
    @(78.7750 mm, 38.9130 mm): Pad 1 [LED_ROW] of D2 on F.Cu
[unconnected_items]: Missing connection between items
    Local override; error
    @(78.7750 mm, 38.9130 mm): Pad 1 [LED_ROW] of D2 on F.Cu
    @(78.7750 mm, 48.2765 mm): Pad 1 [LED_ROW] of D3 on F.Cu
[unconnected_items]: Missing connection between items
    Local override; error
    @(78.7750 mm, 48.2765 mm): Pad 1 [LED_ROW] of D3 on F.Cu
    @(78.7750 mm, 57.6399 mm): Pad 1 [LED_ROW] of D4 on F.Cu
[unconnected_items]: Missing connection between items
    Local override; error
    @(78.7750 mm, 57.6399 mm): Pad 1 [LED_ROW] of D4 on F.Cu
    @(78.7750 mm, 67.0033 mm): Pad 1 [LED_ROW] of D5 on F.Cu
[unconnected_items]: Missing connection between items
    Local override; error
    @(78.7750 mm, 67.0033 mm): Pad 1 [LED_ROW] of D5 on F.Cu
    @(78.7750 mm, 76.3667 mm): Pad 1 [LED_ROW] of D6 on F.Cu
[unconnected_items]: Missing connection between items
    Local override; error
    @(78.7750 mm, 76.3667 mm): Pad 1 [LED_ROW] of D6 on F.Cu
    @(78.7750 mm, 85.7301 mm): Pad 1 [LED_ROW] of D7 on F.Cu
[unconnected_items]: Missing connection between items
    Local override; error
    @(78.7750 mm, 85.7301 mm): Pad 1 [LED_ROW] of D7 on F.Cu
    @(78.7750 mm, 95.0935 mm): Pad 1 [LED_ROW] of D8 on F.Cu
[unconnected_items]: Missing connection between items
    Local override; error
    @(78.7750 mm, 95.0935 mm): Pad 1 [LED_ROW] of D8 on F.Cu
    @(78.7750 mm, 104.4570 mm): Pad 1 [LED_ROW] of D9 on F.Cu
[unconnected_items]: Missing connection between items
    Local override; error
    @(78.7750 mm, 104.4570 mm): Pad 1 [LED_ROW] of D9 on F.Cu
    @(78.7750 mm, 113.8204 mm): Pad 1 [LED_ROW] of D10 on F.Cu
[unconnected_items]: Missing connection between items
    Local override; error
    @(78.7750 mm, 113.8204 mm): Pad 1 [LED_ROW] of D10 on F.Cu
    @(104.2258 mm, 162.0800 mm): Pad 3 [LED_ROW] of Q1 on F.Cu
[unconnected_items]: Missing connection between items
    Local override; error
    @(80.5375 mm, 62.3216 mm): Pad 2 [LED_A4] of R4 on F.Cu
    @(80.6500 mm, 57.6399 mm): Pad 2 [LED_A4] of D4 on F.Cu
[unconnected_items]: Missing connection between items
    Local override; error
    @(80.5375 mm, 43.5948 mm): Pad 2 [LED_A2] of R2 on F.Cu
    @(80.6500 mm, 38.9130 mm): Pad 2 [LED_A2] of D2 on F.Cu
[unconnected_items]: Missing connection between items
    Local override; error
    @(80.5375 mm, 109.1387 mm): Pad 2 [LED_A9] of R9 on F.Cu
    @(80.6500 mm, 104.4570 mm): Pad 2 [LED_A9] of D9 on F.Cu
[unconnected_items]: Missing connection between items
    Local override; error
    @(80.5375 mm, 71.6850 mm): Pad 2 [LED_A5] of R5 on F.Cu
    @(80.6500 mm, 67.0033 mm): Pad 2 [LED_A5] of D5 on F.Cu
[unconnected_items]: Missing connection between items
    Local override; error
    @(80.5375 mm, 118.5021 mm): Pad 2 [LED_A10] of R10 on F.Cu
    @(80.6500 mm, 113.8204 mm): Pad 2 [LED_A10] of D10 on F.Cu
[unconnected_items]: Missing connection between items
    Local override; error
    @(80.5375 mm, 34.2313 mm): Pad 2 [LED_A1] of R1 on F.Cu
    @(80.6500 mm, 29.5496 mm): Pad 2 [LED_A1] of D1 on F.Cu
[unconnected_items]: Missing connection between items
    Local override; error
    @(80.5375 mm, 99.7752 mm): Pad 2 [LED_A8] of R8 on F.Cu
    @(80.6500 mm, 95.0935 mm): Pad 2 [LED_A8] of D8 on F.Cu
[unconnected_items]: Missing connection between items
    Local override; error
    @(80.5375 mm, 52.9582 mm): Pad 2 [LED_A3] of R3 on F.Cu
    @(80.6500 mm, 48.2765 mm): Pad 2 [LED_A3] of D3 on F.Cu
[unconnected_items]: Missing connection between items
    Local override; error
    @(80.5375 mm, 90.4118 mm): Pad 2 [LED_A7] of R7 on F.Cu
    @(80.6500 mm, 85.7301 mm): Pad 2 [LED_A7] of D7 on F.Cu
[unconnected_items]: Missing connection between items
    Local override; error
    @(80.5375 mm, 81.0484 mm): Pad 2 [LED_A6] of R6 on F.Cu
    @(80.6500 mm, 76.3667 mm): Pad 2 [LED_A6] of D6 on F.Cu
[unconnected_items]: Missing connection between items
    Local override; error
    @(96.0133 mm, 141.3150 mm): Pad 31 [NRST] of U6 on F.Cu
    @(110.3898 mm, 153.2950 mm): Pad 1 [NRST] of R31 on F.Cu
[unconnected_items]: Missing connection between items
    Local override; error
    @(110.3898 mm, 153.2950 mm): Pad 1 [NRST] of R31 on F.Cu
    @(121.4822 mm, 153.2950 mm): Pad 1 [NRST] of TP3 on F.Cu
[unconnected_items]: Missing connection between items
    Local override; error
    @(114.2448 mm, 153.2950 mm): Pad 1 [SWDIO] of TP1 on F.Cu
    @(121.3633 mm, 130.3150 mm): Pad 124 [SWDIO] of U6 on F.Cu
[unconnected_items]: Missing connection between items
    Local override; error
    @(117.4383 mm, 124.3900 mm): Pad 137 [SWCLK] of U6 on F.Cu
    @(117.8635 mm, 153.2950 mm): Pad 1 [SWCLK] of TP2 on F.Cu
[unconnected_items]: Missing connection between items
    Local override; error
    @(105.4383 mm, 124.3900 mm): Pad 161 [LED_GATE] of U6 on F.Cu
    @(126.2028 mm, 162.0800 mm): Pad 1 [LED_GATE] of R36 on F.Cu
[unconnected_items]: Missing connection between items
    Local override; error
    @(126.2028 mm, 162.0800 mm): Pad 1 [LED_GATE] of R36 on F.Cu
    @(128.4833 mm, 162.0800 mm): Pad 1 [LED_GATE] of R38 on F.Cu
[unconnected_items]: Missing connection between items
    Local override; error
    @(102.9383 mm, 124.3900 mm): Pad 166 [BOOT0] of U6 on F.Cu
    @(107.3211 mm, 153.2950 mm): Pad 1 [BOOT0] of R30 on F.Cu
[unconnected_items]: Missing connection between items
    Local override; error
    @(116.3433 mm, 186.0250 mm): Pad A5 [USB_CC1] of J1 on F.Cu
    @(117.0806 mm, 162.0800 mm): Pad 1 [USB_CC1] of R32 on F.Cu
[unconnected_items]: Missing connection between items
    Local override; error
    @(122.6617 mm, 162.0800 mm): Pad 2 [MID_RAW] of R34 on F.Cu
    @(97.7503 mm, 163.0300 mm): Pad 3 [MID_RAW] of U11 on F.Cu
[unconnected_items]: Missing connection between items
    Local override; error
    @(123.9222 mm, 162.0800 mm): Pad 1 [MID_RAW] of R35 on F.Cu
    @(122.6617 mm, 162.0800 mm): Pad 2 [MID_RAW] of R34 on F.Cu
[unconnected_items]: Missing connection between items
    Local override; error
    @(119.3433 mm, 186.0250 mm): Pad B5 [USB_CC2] of J1 on F.Cu
    @(119.3611 mm, 162.0800 mm): Pad 1 [USB_CC2] of R33 on F.Cu
[unconnected_items]: Missing connection between items
    Local override; error
    @(94.4175 mm, 168.3200 mm): Pad 2 [FB] of R40 on F.Cu
    @(78.5100 mm, 169.2700 mm): Pad 3 [FB] of U13 on F.Cu
[unconnected_items]: Missing connection between items
    Local override; error
    @(95.4975 mm, 168.3200 mm): Pad 1 [FB] of R41 on F.Cu
    @(94.4175 mm, 168.3200 mm): Pad 2 [FB] of R40 on F.Cu
[unconnected_items]: Missing connection between items
    Local override; error
    @(102.3508 mm, 161.1300 mm): Pad 1 [LED_GATE_Q] of Q1 on F.Cu
    @(127.2228 mm, 162.0800 mm): Pad 2 [LED_GATE_Q] of R36 on F.Cu

** Found 0 Footprint errors **

** Ignored checks **
    - Footprint has no courtyard defined
    - Track endpoint not centered on via
    - Tuning profile track geometries
    - Footprint doesn't match symbol's footprint filters
    - Footprint component type doesn't match footprint pads

** End of Report **
