** Drc report for optical.kicad_pcb **
** Created on 2026-09-19T18:21:22 **
** Report includes: Errors, Warnings **

** Found 20 DRC violations **
[courtyards_overlap]: Courtyards overlap
    Rule: board setup constraints courtyard; error
    @(79.7125 mm, 27.9496 mm): Footprint PD1A
    @(79.7125 mm, 29.5496 mm): Footprint D1
[courtyards_overlap]: Courtyards overlap
    Rule: board setup constraints courtyard; error
    @(79.7125 mm, 93.4935 mm): Footprint PD8A
    @(79.7125 mm, 95.0935 mm): Footprint D8
[courtyards_overlap]: Courtyards overlap
    Rule: board setup constraints courtyard; error
    @(79.7125 mm, 68.6033 mm): Footprint PD5B
    @(79.7125 mm, 67.0033 mm): Footprint D5
[courtyards_overlap]: Courtyards overlap
    Rule: board setup constraints courtyard; error
    @(79.7125 mm, 57.6399 mm): Footprint D4
    @(79.7125 mm, 56.0399 mm): Footprint PD4A
[courtyards_overlap]: Courtyards overlap
    Rule: board setup constraints courtyard; error
    @(79.7125 mm, 57.6399 mm): Footprint D4
    @(79.7125 mm, 59.2399 mm): Footprint PD4B
[courtyards_overlap]: Courtyards overlap
    Rule: board setup constraints courtyard; error
    @(79.7125 mm, 106.0570 mm): Footprint PD9B
    @(79.7125 mm, 104.4570 mm): Footprint D9
[courtyards_overlap]: Courtyards overlap
    Rule: board setup constraints courtyard; error
    @(79.7125 mm, 87.3301 mm): Footprint PD7B
    @(79.7125 mm, 85.7301 mm): Footprint D7
[courtyards_overlap]: Courtyards overlap
    Rule: board setup constraints courtyard; error
    @(79.7125 mm, 46.6765 mm): Footprint PD3A
    @(79.7125 mm, 48.2765 mm): Footprint D3
[courtyards_overlap]: Courtyards overlap
    Rule: board setup constraints courtyard; error
    @(79.7125 mm, 38.9130 mm): Footprint D2
    @(79.7125 mm, 40.5130 mm): Footprint PD2B
[courtyards_overlap]: Courtyards overlap
    Rule: board setup constraints courtyard; error
    @(79.7125 mm, 38.9130 mm): Footprint D2
    @(79.7125 mm, 37.3130 mm): Footprint PD2A
[courtyards_overlap]: Courtyards overlap
    Rule: board setup constraints courtyard; error
    @(79.7125 mm, 104.4570 mm): Footprint D9
    @(79.7125 mm, 102.8570 mm): Footprint PD9A
[courtyards_overlap]: Courtyards overlap
    Rule: board setup constraints courtyard; error
    @(79.7125 mm, 77.9667 mm): Footprint PD6B
    @(79.7125 mm, 76.3667 mm): Footprint D6
[courtyards_overlap]: Courtyards overlap
    Rule: board setup constraints courtyard; error
    @(79.7125 mm, 29.5496 mm): Footprint D1
    @(79.7125 mm, 31.1496 mm): Footprint PD1B
[courtyards_overlap]: Courtyards overlap
    Rule: board setup constraints courtyard; error
    @(79.7125 mm, 49.8765 mm): Footprint PD3B
    @(79.7125 mm, 48.2765 mm): Footprint D3
[courtyards_overlap]: Courtyards overlap
    Rule: board setup constraints courtyard; error
    @(79.7125 mm, 96.6935 mm): Footprint PD8B
    @(79.7125 mm, 95.0935 mm): Footprint D8
[courtyards_overlap]: Courtyards overlap
    Rule: board setup constraints courtyard; error
    @(79.7125 mm, 84.1301 mm): Footprint PD7A
    @(79.7125 mm, 85.7301 mm): Footprint D7
[courtyards_overlap]: Courtyards overlap
    Rule: board setup constraints courtyard; error
    @(79.7125 mm, 112.2204 mm): Footprint PD10A
    @(79.7125 mm, 113.8204 mm): Footprint D10
[courtyards_overlap]: Courtyards overlap
    Rule: board setup constraints courtyard; error
    @(79.7125 mm, 113.8204 mm): Footprint D10
    @(79.7125 mm, 115.4204 mm): Footprint PD10B
[courtyards_overlap]: Courtyards overlap
    Rule: board setup constraints courtyard; error
    @(79.7125 mm, 74.7667 mm): Footprint PD6A
    @(79.7125 mm, 76.3667 mm): Footprint D6
[courtyards_overlap]: Courtyards overlap
    Rule: board setup constraints courtyard; error
    @(79.7125 mm, 65.4033 mm): Footprint PD5A
    @(79.7125 mm, 67.0033 mm): Footprint D5

** Found 0 unconnected pads **

** Found 0 Footprint errors **

** Ignored checks **
    - Footprint has no courtyard defined
    - Track endpoint not centered on via
    - Tuning profile track geometries
    - Footprint doesn't match symbol's footprint filters
    - Footprint component type doesn't match footprint pads

** End of Report **
