** Drc report for output_panel.kicad_pcb **
** Created on 2026-09-21T14:43:36 **
** Report includes: Errors, Warnings **

** Found 4 DRC violations **
[silk_edge_clearance]: Silkscreen clipped by board edge
    Rule: board setup constraints silk; warning
    @(137.0000 mm, 133.0000 mm): Segment on Edge.Cuts
    @(130.0000 mm, 116.8967 mm): Segment of J6 on F.Silkscreen
[silk_edge_clearance]: Silkscreen clipped by board edge
    Rule: board setup constraints silk; warning
    @(137.0000 mm, 133.0000 mm): Segment on Edge.Cuts
    @(139.0000 mm, 126.0967 mm): Segment of J6 on F.Silkscreen
[silk_edge_clearance]: Silkscreen clipped by board edge
    Rule: board setup constraints silk; warning
    @(137.0000 mm, 133.0000 mm): Segment on Edge.Cuts
    @(136.7973 mm, 91.3000 mm): Segment of J1 on F.Silkscreen
[silk_edge_clearance]: Silkscreen clipped by board edge
    Rule: board setup constraints silk; warning
    @(137.0000 mm, 133.0000 mm): Segment on Edge.Cuts
    @(136.7973 mm, 100.7000 mm): Segment of J1 on F.Silkscreen

** Found 0 unconnected pads **

** Found 0 Footprint errors **

** Ignored checks **
    - Footprint has no courtyard defined
    - Track endpoint not centered on via
    - Tuning profile track geometries
    - Footprint doesn't match symbol's footprint filters
    - Footprint component type doesn't match footprint pads

** End of Report **
