** Drc report for pi_cap.kicad_pcb **
** Created on 2026-10-06T16:29:27 **
** Report includes: Errors, Warnings **

** Found 27 DRC violations **
[track_dangling]: Track has unconnected end
    Local override; warning
    @(108.9350 mm, 116.2250 mm): Track [GND] on F.Cu, length 4.4950 mm
[track_dangling]: Track has unconnected end
    Local override; warning
    @(95.6100 mm, 112.6000 mm): Track [GND] on B.Cu, length 0.8200 mm
[track_dangling]: Track has unconnected end
    Local override; warning
    @(97.9950 mm, 115.5000 mm): Track [PWR_SW_DN] on F.Cu, length 2.7700 mm
[silk_edge_clearance]: Silkscreen clipped by board edge
    Rule: board setup constraints silk; warning
    @(72.0000 mm, 117.0000 mm): Segment on Edge.Cuts
    @(74.9400 mm, 119.8100 mm): Segment of J6 on F.Silkscreen
[silk_edge_clearance]: Silkscreen clipped by board edge
    Rule: board setup constraints silk; warning
    @(72.0000 mm, 117.0000 mm): Segment on Edge.Cuts
    @(87.5600 mm, 119.8100 mm): Segment of J6 on F.Silkscreen
[silk_edge_clearance]: Silkscreen clipped by board edge
    Rule: board setup constraints silk; warning
    @(72.0000 mm, 117.0000 mm): Segment on Edge.Cuts
    @(77.2500 mm, 113.7000 mm): Rectangle of J6 on F.Silkscreen
[silk_edge_clearance]: Silkscreen clipped by board edge
    Rule: board setup constraints silk; warning
    @(72.0000 mm, 117.0000 mm): Segment on Edge.Cuts
    @(79.7500 mm, 113.7000 mm): Rectangle of J6 on F.Silkscreen
[silk_edge_clearance]: Silkscreen clipped by board edge
    Rule: board setup constraints silk; warning
    @(72.0000 mm, 117.0000 mm): Segment on Edge.Cuts
    @(82.2500 mm, 113.7000 mm): Rectangle of J6 on F.Silkscreen
[silk_edge_clearance]: Silkscreen clipped by board edge
    Rule: board setup constraints silk; warning
    @(72.0000 mm, 117.0000 mm): Segment on Edge.Cuts
    @(84.7500 mm, 113.7000 mm): Rectangle of J6 on F.Silkscreen
[silk_edge_clearance]: Silkscreen clipped by board edge
    Rule: board setup constraints silk; warning
    @(72.0000 mm, 117.0000 mm): Segment on Edge.Cuts
    @(109.2450 mm, 117.2975 mm): Reference field of J5
[silk_edge_clearance]: Silkscreen clipped by board edge
    Rule: board setup constraints silk; warning
    @(72.0000 mm, 117.0000 mm): Segment on Edge.Cuts
    @(97.9750 mm, 117.1100 mm): Segment of J5 on F.Silkscreen
[silk_edge_clearance]: Silkscreen clipped by board edge
    Rule: board setup constraints silk; warning
    @(72.0000 mm, 117.0000 mm): Segment on Edge.Cuts
    @(99.3550 mm, 116.0029 mm): Segment of J5 on F.Silkscreen
[silk_edge_clearance]: Silkscreen clipped by board edge
    Rule: board setup constraints silk; warning
    @(72.0000 mm, 117.0000 mm): Segment on Edge.Cuts
    @(100.6250 mm, 116.0029 mm): Segment of J5 on F.Silkscreen
[silk_edge_clearance]: Silkscreen clipped by board edge
    Rule: board setup constraints silk; warning
    @(72.0000 mm, 117.0000 mm): Segment on Edge.Cuts
    @(101.8950 mm, 116.0029 mm): Segment of J5 on F.Silkscreen
[silk_edge_clearance]: Silkscreen clipped by board edge
    Rule: board setup constraints silk; warning
    @(72.0000 mm, 117.0000 mm): Segment on Edge.Cuts
    @(103.1650 mm, 116.0029 mm): Segment of J5 on F.Silkscreen
[silk_edge_clearance]: Silkscreen clipped by board edge
    Rule: board setup constraints silk; warning
    @(72.0000 mm, 117.0000 mm): Segment on Edge.Cuts
    @(104.4350 mm, 116.0029 mm): Segment of J5 on F.Silkscreen
[silk_edge_clearance]: Silkscreen clipped by board edge
    Rule: board setup constraints silk; warning
    @(72.0000 mm, 117.0000 mm): Segment on Edge.Cuts
    @(105.7050 mm, 116.0029 mm): Segment of J5 on F.Silkscreen
[silk_edge_clearance]: Silkscreen clipped by board edge
    Rule: board setup constraints silk; warning
    @(72.0000 mm, 117.0000 mm): Segment on Edge.Cuts
    @(106.9750 mm, 116.0029 mm): Segment of J5 on F.Silkscreen
[silk_edge_clearance]: Silkscreen clipped by board edge
    Rule: board setup constraints silk; warning
    @(72.0000 mm, 117.0000 mm): Segment on Edge.Cuts
    @(108.3550 mm, 115.8179 mm): Segment of J5 on F.Silkscreen
[silk_overlap]: Silkscreen clearance
    Rule: board setup constraints silk; warning
    @(89.6536 mm, 110.6200 mm): Segment of R4 on F.Silkscreen
    @(89.5000 mm, 110.1700 mm): Reference field of R3
[silk_overlap]: Silkscreen clearance
    Rule: board setup constraints silk; warning
    @(81.2500 mm, 106.9900 mm): Reference field of J6
    @(74.5400 mm, 107.1000 mm): Segment of J1 on F.Silkscreen
[silk_overlap]: Silkscreen clearance
    Rule: board setup constraints silk; warning
    @(95.1000 mm, 113.1400 mm): Reference field of C5
    @(94.9464 mm, 112.9800 mm): Segment of R5 on F.Silkscreen
[silk_over_copper]: Silkscreen clipped by solder mask
    Local override; warning
    @(89.5000 mm, 112.1700 mm): Reference field of R4
    @(90.8625 mm, 112.5500 mm): Pad 1 [+3V3_PI] of U1 on F.Cu
[silk_over_copper]: Silkscreen clipped by solder mask
    Local override; warning
    @(89.5000 mm, 110.1700 mm): Reference field of R3
    @(90.0100 mm, 111.0000 mm): Pad 1 [SDT_FOOT_PI] of R4 on F.Cu
[silk_over_copper]: Silkscreen clipped by solder mask
    Local override; warning
    @(81.2500 mm, 106.9900 mm): Reference field of J6
    @(80.9500 mm, 105.7700 mm): PTH pad 6 [GND] of J1
[silk_over_copper]: Silkscreen clipped by solder mask
    Local override; warning
    @(95.1000 mm, 113.1400 mm): Reference field of C5
    @(94.5900 mm, 112.6000 mm): Pad 1 [UI_ILIM] of R5 on F.Cu
[silk_over_copper]: Silkscreen clipped by solder mask
    Local override; warning
    @(95.1000 mm, 113.1400 mm): Reference field of C5
    @(95.6100 mm, 112.6000 mm): Pad 2 [GND] of R5 on F.Cu

** Found 0 unconnected pads **

** Found 0 Footprint errors **

** Ignored checks **
    - Footprint has no courtyard defined
    - Track endpoint not centered on via
    - Tuning profile track geometries
    - Footprint doesn't match symbol's footprint filters
    - Footprint component type doesn't match footprint pads

** End of Report **
