** Drc report for pi_cap.kicad_pcb **
** Created on 2026-10-02T11:48:57 **
** Report includes: Errors, Warnings **

** Found 16 DRC violations **
[silk_edge_clearance]: Silkscreen clipped by board edge
    Rule: board setup constraints silk; warning
    @(72.0000 mm, 117.0000 mm): Segment on Edge.Cuts
    @(93.3500 mm, 113.2450 mm): Segment of J5 on B.Silkscreen
[silk_edge_clearance]: Silkscreen clipped by board edge
    Rule: board setup constraints silk; warning
    @(72.0000 mm, 117.0000 mm): Segment on Edge.Cuts
    @(93.9700 mm, 117.2450 mm): Segment of J5 on B.Silkscreen
[silk_edge_clearance]: Silkscreen clipped by board edge
    Rule: board setup constraints silk; warning
    @(72.0000 mm, 117.0000 mm): Segment on Edge.Cuts
    @(94.6200 mm, 113.2450 mm): Segment of J5 on B.Silkscreen
[silk_edge_clearance]: Silkscreen clipped by board edge
    Rule: board setup constraints silk; warning
    @(72.0000 mm, 117.0000 mm): Segment on Edge.Cuts
    @(95.2400 mm, 117.2450 mm): Segment of J5 on B.Silkscreen
[silk_edge_clearance]: Silkscreen clipped by board edge
    Rule: board setup constraints silk; warning
    @(72.0000 mm, 117.0000 mm): Segment on Edge.Cuts
    @(95.8900 mm, 113.2450 mm): Segment of J5 on B.Silkscreen
[silk_edge_clearance]: Silkscreen clipped by board edge
    Rule: board setup constraints silk; warning
    @(72.0000 mm, 117.0000 mm): Segment on Edge.Cuts
    @(96.5100 mm, 117.2450 mm): Segment of J5 on B.Silkscreen
[silk_edge_clearance]: Silkscreen clipped by board edge
    Rule: board setup constraints silk; warning
    @(72.0000 mm, 117.0000 mm): Segment on Edge.Cuts
    @(97.1600 mm, 113.2450 mm): Segment of J5 on B.Silkscreen
[silk_edge_clearance]: Silkscreen clipped by board edge
    Rule: board setup constraints silk; warning
    @(72.0000 mm, 117.0000 mm): Segment on Edge.Cuts
    @(97.7800 mm, 117.2450 mm): Segment of J5 on B.Silkscreen
[silk_edge_clearance]: Silkscreen clipped by board edge
    Rule: board setup constraints silk; warning
    @(72.0000 mm, 117.0000 mm): Segment on Edge.Cuts
    @(98.4300 mm, 113.2450 mm): Segment of J5 on B.Silkscreen
[silk_edge_clearance]: Silkscreen clipped by board edge
    Rule: board setup constraints silk; warning
    @(72.0000 mm, 117.0000 mm): Segment on Edge.Cuts
    @(99.0500 mm, 117.2450 mm): Segment of J5 on B.Silkscreen
[silk_edge_clearance]: Silkscreen clipped by board edge
    Rule: board setup constraints silk; warning
    @(72.0000 mm, 117.0000 mm): Segment on Edge.Cuts
    @(99.7000 mm, 113.2450 mm): Segment of J5 on B.Silkscreen
[silk_edge_clearance]: Silkscreen clipped by board edge
    Rule: board setup constraints silk; warning
    @(72.0000 mm, 117.0000 mm): Segment on Edge.Cuts
    @(100.3200 mm, 117.2450 mm): Segment of J5 on B.Silkscreen
[silk_edge_clearance]: Silkscreen clipped by board edge
    Rule: board setup constraints silk; warning
    @(72.0000 mm, 117.0000 mm): Segment on Edge.Cuts
    @(92.0800 mm, 113.2450 mm): Rectangle of J5 on B.Silkscreen
[silk_overlap]: Silkscreen clearance
    Rule: board setup constraints silk; warning
    @(120.0000 mm, 107.7283 mm): Reference field of J6
    @(125.4600 mm, 107.1000 mm): Segment of J1 on B.Silkscreen
[silk_overlap]: Silkscreen clearance
    Rule: board setup constraints silk; warning
    @(112.3464 mm, 110.6200 mm): Segment of R4 on B.Silkscreen
    @(112.5000 mm, 110.1700 mm): Reference field of R3
[silk_over_copper]: Silkscreen clipped by solder mask
    Local override; warning
    @(112.5000 mm, 110.1700 mm): Reference field of R3
    @(111.9900 mm, 111.0000 mm): Pad 1 [SDT_FOOT_PI] of R4 on B.Cu

** Found 0 unconnected pads **

** Found 0 Footprint errors **

** Ignored checks **
    - Footprint has no courtyard defined
    - Track endpoint not centered on via
    - Tuning profile track geometries
    - Footprint doesn't match symbol's footprint filters
    - Footprint component type doesn't match footprint pads

** End of Report **
