** Drc report for pi_cap.kicad_pcb **
** Created on 2026-10-07T13:07:53 **
** Report includes: Errors, Warnings **

** Found 16 DRC violations **
[track_dangling]: Track has unconnected end
    Local override; warning
    @(97.9950 mm, 115.5000 mm): Track [PWR_SW_DN] on B.Cu, length 2.7700 mm
[silk_edge_clearance]: Silkscreen clipped by board edge
    Rule: board setup constraints silk; warning
    @(72.0000 mm, 117.0000 mm): Segment on Edge.Cuts
    @(74.9400 mm, 119.8100 mm): Segment of J6 on F.Silkscreen
[silk_edge_clearance]: Silkscreen clipped by board edge
    Rule: board setup constraints silk; warning
    @(72.0000 mm, 117.0000 mm): Segment on Edge.Cuts
    @(87.5600 mm, 119.8100 mm): Segment of J6 on F.Silkscreen
[silk_edge_clearance]: Silkscreen clipped by board edge
    Rule: board setup constraints silk; warning
    @(72.0000 mm, 117.0000 mm): Segment on Edge.Cuts
    @(77.2500 mm, 113.7000 mm): Rectangle of J6 on F.Silkscreen
[silk_edge_clearance]: Silkscreen clipped by board edge
    Rule: board setup constraints silk; warning
    @(72.0000 mm, 117.0000 mm): Segment on Edge.Cuts
    @(79.7500 mm, 113.7000 mm): Rectangle of J6 on F.Silkscreen
[silk_edge_clearance]: Silkscreen clipped by board edge
    Rule: board setup constraints silk; warning
    @(72.0000 mm, 117.0000 mm): Segment on Edge.Cuts
    @(82.2500 mm, 113.7000 mm): Rectangle of J6 on F.Silkscreen
[silk_edge_clearance]: Silkscreen clipped by board edge
    Rule: board setup constraints silk; warning
    @(72.0000 mm, 117.0000 mm): Segment on Edge.Cuts
    @(84.7500 mm, 113.7000 mm): Rectangle of J6 on F.Silkscreen
[silk_edge_clearance]: Silkscreen clipped by board edge
    Rule: board setup constraints silk; warning
    @(72.0000 mm, 117.0000 mm): Segment on Edge.Cuts
    @(97.9750 mm, 117.1100 mm): Segment of J5 on F.Silkscreen
[silk_edge_clearance]: Silkscreen clipped by board edge
    Rule: board setup constraints silk; warning
    @(72.0000 mm, 117.0000 mm): Segment on Edge.Cuts
    @(99.3550 mm, 116.0029 mm): Segment of J5 on F.Silkscreen
[silk_edge_clearance]: Silkscreen clipped by board edge
    Rule: board setup constraints silk; warning
    @(72.0000 mm, 117.0000 mm): Segment on Edge.Cuts
    @(100.6250 mm, 116.0029 mm): Segment of J5 on F.Silkscreen
[silk_edge_clearance]: Silkscreen clipped by board edge
    Rule: board setup constraints silk; warning
    @(72.0000 mm, 117.0000 mm): Segment on Edge.Cuts
    @(101.8950 mm, 116.0029 mm): Segment of J5 on F.Silkscreen
[silk_edge_clearance]: Silkscreen clipped by board edge
    Rule: board setup constraints silk; warning
    @(72.0000 mm, 117.0000 mm): Segment on Edge.Cuts
    @(103.1650 mm, 116.0029 mm): Segment of J5 on F.Silkscreen
[silk_edge_clearance]: Silkscreen clipped by board edge
    Rule: board setup constraints silk; warning
    @(72.0000 mm, 117.0000 mm): Segment on Edge.Cuts
    @(104.4350 mm, 116.0029 mm): Segment of J5 on F.Silkscreen
[silk_edge_clearance]: Silkscreen clipped by board edge
    Rule: board setup constraints silk; warning
    @(72.0000 mm, 117.0000 mm): Segment on Edge.Cuts
    @(105.7050 mm, 116.0029 mm): Segment of J5 on F.Silkscreen
[silk_edge_clearance]: Silkscreen clipped by board edge
    Rule: board setup constraints silk; warning
    @(72.0000 mm, 117.0000 mm): Segment on Edge.Cuts
    @(106.9750 mm, 116.0029 mm): Segment of J5 on F.Silkscreen
[silk_edge_clearance]: Silkscreen clipped by board edge
    Rule: board setup constraints silk; warning
    @(72.0000 mm, 117.0000 mm): Segment on Edge.Cuts
    @(108.3550 mm, 115.8179 mm): Segment of J5 on F.Silkscreen

** Found 0 unconnected pads **

** Found 0 Footprint errors **

** Ignored checks **
    - Footprint has no courtyard defined
    - Track endpoint not centered on via
    - Tuning profile track geometries
    - Footprint doesn't match symbol's footprint filters
    - Footprint component type doesn't match footprint pads

** End of Report **
