      diff pair USB_DP: laid 28 segment(s) as a coupled pair over 2 hop(s)
      stitched 136 pad(s) on GND straight to the plane
      local nets: laid 134 segment(s), 1 left to the router
          not placeable: TIA_OUT_9A: Rf51.2 -> Cf51.2 (3.10 mm)
          placed 10 explicit via(s)
    optalt.kicad_pcb: 233 parts, 160 nets (+126 single-pad, not placed), 62.3 x 188.5 mm
    exported optalt.dsn (135 kB)
      declared In1.Cu as plane layer(s) -- the router will not route on them
      froze 16 pre-laid wire(s) as (type fix) -- the declared pair(s)
      router clearance 137 um (fab rule 127 um + 10 um of rounding margin)
      router strategy: -us Hybrid
      ?           Thank you for using Freerouting!                       ?
      ?                                                                  ?
      ?  If you would like to support the project, please visit          ?
      ?  https://www.freerouting.app/donate.html                         ?
      ?  Every contribution helps keep this project open and active!     ?
      ????????????????????????????????????????????????????????????????????
      re-laid 30 frozen wire(s) the session file does not carry
      ⚠ 15 stitch via(s) landed where the plane is not: GND at 101.29,151.40, GND at 116.36,162.95, GND at 118.10,162.90, GND at 72.32,65.76, GND at 73.15,125.63, GND at 74.35,125.63
        moved 2 of them into the plane and re-poured
      ⚠ 13 stitch via(s) landed where the plane is not: GND at 101.29,151.40, GND at 116.36,162.95, GND at 118.10,162.90, GND at 72.32,65.76, GND at 73.15,125.63, GND at 74.35,125.63
        (the rest have nowhere to go: move the part or except the pad -- another routing run will not help)
      snapped 77 hairline gap(s) shut (no copper added)
      joined 3 same-net pad pair(s) the router left in separate islands
      tidied 1 router via(s) -- dangling TIA_OUT_5B
      dropped 50 degenerate track fragment(s) from the import
    optalt.kicad_pcb: 2607 track segments + vias imported
    swig/python detected a memory leak of type 'PCB_TRACK *', no destructor found.
    swig/python detected a memory leak of type 'PCB_TRACK *', no destructor found.
    swig/python detected a memory leak of type 'PCB_TRACK *', no destructor found.
    swig/python detected a memory leak of type 'PCB_TRACK *', no destructor found.
    swig/python detected a memory leak of type 'PCB_TRACK *', no destructor found.
    swig/python detected a memory leak of type 'PCB_TRACK *', no destructor found.
    swig/python detected a memory leak of type 'PCB_TRACK *', no destructor found.
    swig/python detected a memory leak of type 'PCB_TRACK *', no destructor found.
    swig/python detected a memory leak of type 'PCB_TRACK *', no destructor found.
    swig/python detected a memory leak of type 'PCB_TRACK *', no destructor found.
    swig/python detected a memory leak of type 'PCB_TRACK *', no destructor found.
    swig/python detected a memory leak of type 'PCB_TRACK *', no destructor found.
    swig/python detected a memory leak of type 'PCB_TRACK *', no destructor found.
    swig/python detected a memory leak of type 'PCB_TRACK *', no destructor found.
    swig/python detected a memory leak of type 'PCB_TRACK *', no destructor found.
    swig/python detected a memory leak of type 'PCB_TRACK *', no destructor found.
    swig/python detected a memory leak of type 'ZONE_FILLER *', no destructor found.
  12 DRC warning(s): silk_over_copper x5, silk_overlap x5, track_dangling x2
     UNEXPECTED courtyards_overlap: D9 + PD9B
     UNEXPECTED courtyards_overlap: D4 + PD4B
     UNEXPECTED courtyards_overlap: D4 + PD4A
     UNEXPECTED courtyards_overlap: D10 + PD10A
     UNEXPECTED courtyards_overlap: D10 + PD10B
     UNEXPECTED courtyards_overlap: D8 + PD8A
     UNEXPECTED courtyards_overlap: D2 + PD2B
     UNEXPECTED courtyards_overlap: D5 + PD5B
     UNEXPECTED courtyards_overlap: D2 + PD2A
     UNEXPECTED courtyards_overlap: D1 + PD1A
     UNEXPECTED courtyards_overlap: D9 + PD9A
     UNEXPECTED courtyards_overlap: D1 + PD1B
     UNEXPECTED courtyards_overlap: D5 + PD5A
     UNEXPECTED courtyards_overlap: D6 + PD6A
     UNEXPECTED courtyards_overlap: D6 + PD6B
     UNEXPECTED courtyards_overlap: D3 + PD3A
     UNEXPECTED courtyards_overlap: D8 + PD8B
     UNEXPECTED courtyards_overlap: D3 + PD3B
     UNEXPECTED courtyards_overlap: D7 + PD7B
     UNEXPECTED courtyards_overlap: D7 + PD7A
  pass 1: 14 unconnected, 20 violation(s)
    ⚠ optalt has 14 unconnected item(s): the board is NOT fully routed, so the lengths below measure how far the router got, not how well matched the groups are. Finish routing before reading them as skew.
    ok   ULPI       skew  43.98 mm (budget 80.00)  24.7..68.6 mm over 12 nets
    ok   USB_HS     skew   1.08 mm (budget  8.30)  11.6..12.7 mm over 2 nets
    optalt: 2 group(s) checked, 0 problem(s)
    optalt.geom.json: 233 footprints, board 62.34 x 188.53
optalt: 14 unconnected, 20 violation(s)
