      stitched 23 pad(s) on GND straight to the plane
    led_strip.kicad_pcb: 27 parts, 52 nets, 139.0 x 20.0 mm
    exported led_strip.dsn (25 kB)
      router clearance 137 um (fab rule 127 um + 10 um of rounding margin)
      ?           Thank you for using Freerouting!                       ?
      ?                                                                  ?
      ?  If you would like to support the project, please visit          ?
      ?  https://www.freerouting.app/donate.html                         ?
      ?  Every contribution helps keep this project open and active!     ?
      ????????????????????????????????????????????????????????????????????
      ⚠ 3 stitch via(s) landed where the plane is not: GND at 135.08,93.90, GND at 55.35,102.33, GND at 95.85,102.33
        moved 3 of them into the plane and re-poured
      snapped 11 hairline gap(s) shut (no copper added)
      tidied 23 router via(s) -- dangling GND; dangling GND; dangling GND; dangling GND; dangling GND; dangling GND
      dropped 8 degenerate track fragment(s) from the import
    led_strip.kicad_pcb: 624 track segments + vias imported
    swig/python detected a memory leak of type 'PCB_TRACK *', no destructor found.
    swig/python detected a memory leak of type 'PCB_TRACK *', no destructor found.
    swig/python detected a memory leak of type 'PCB_TRACK *', no destructor found.
    swig/python detected a memory leak of type 'PCB_TRACK *', no destructor found.
    swig/python detected a memory leak of type 'PCB_TRACK *', no destructor found.
    swig/python detected a memory leak of type 'PCB_TRACK *', no destructor found.
    swig/python detected a memory leak of type 'PCB_TRACK *', no destructor found.
    swig/python detected a memory leak of type 'ZONE_FILLER *', no destructor found.
  33 DRC warning(s): silk_over_copper x18, silk_overlap x15
  pass 1: 0 unconnected, 0 violation(s)
    led_strip: no matched-length groups declared -- nothing to check
    led_strip.geom.json: 27 footprints, board 139.00 x 20.00
led_strip: 0 unconnected, 0 violation(s)
