WARNING: KICAD6_SYMBOL_DIR environment variable is missing, so the default KiCad symbol libraries won't be searched. @ [C:\Users\gus\Sync\Documents\Archive\3D\public-steel-guitar-bronner\elec\out\<frozen importlib._bootstrap_external>:999=>C:\Users\gus\Sync\Documents\Archive\3D\public-steel-guitar-bronner\elec\out\<frozen importlib._bootstrap>:488]
WARNING: KICAD7_SYMBOL_DIR environment variable is missing, so the default KiCad symbol libraries won't be searched. @ [C:\Users\gus\Sync\Documents\Archive\3D\public-steel-guitar-bronner\elec\out\<frozen importlib._bootstrap_external>:999=>C:\Users\gus\Sync\Documents\Archive\3D\public-steel-guitar-bronner\elec\out\<frozen importlib._bootstrap>:488]
WARNING: KICAD8_SYMBOL_DIR environment variable is missing, so the default KiCad symbol libraries won't be searched. @ [C:\Users\gus\Sync\Documents\Archive\3D\public-steel-guitar-bronner\elec\out\<frozen importlib._bootstrap_external>:999=>C:\Users\gus\Sync\Documents\Archive\3D\public-steel-guitar-bronner\elec\out\<frozen importlib._bootstrap>:488]
WARNING: KICAD9_SYMBOL_DIR environment variable is missing, so the default KiCad symbol libraries won't be searched. @ [C:\Users\gus\Sync\Documents\Archive\3D\public-steel-guitar-bronner\elec\out\<frozen importlib._bootstrap_external>:999=>C:\Users\gus\Sync\Documents\Archive\3D\public-steel-guitar-bronner\elec\out\<frozen importlib._bootstrap>:488]
WARNING: fp-lib-table file was not found. Component footprints are not available.
WARNING: fp-lib-table file was not found. Component footprints are not available.
WARNING: fp-lib-table file was not found. Component footprints are not available.
WARNING: fp-lib-table file was not found. Component footprints are not available.
WARNING: fp-lib-table file was not found. Component footprints are not available.
ERC WARNING: Only one pin (PASSIVE pin 138/ of STM32H743IIT6/U6) attached to net U6_NC_138.
ERC WARNING: Only one pin (PASSIVE pin 160/ of STM32H743IIT6/U6) attached to net U6_NC_160.
ERC WARNING: Only one pin (PASSIVE pin 10/ of STM32H743IIT6/U6) attached to net U6_NC_10.
ERC WARNING: Only one pin (PASSIVE pin 105/ of STM32H743IIT6/U6) attached to net U6_NC_105.
ERC WARNING: Only one pin (PASSIVE pin 89/ of STM32H743IIT6/U6) attached to net U6_NC_89.
ERC WARNING: Only one pin (PASSIVE pin 123/ of STM32H743IIT6/U6) attached to net U6_NC_123.
ERC WARNING: Only one pin (PASSIVE pin 109/ of STM32H743IIT6/U6) attached to net U6_NC_109.
ERC WARNING: Only one pin (PASSIVE pin 1/ of STM32H743IIT6/U6) attached to net U6_NC_1.
ERC WARNING: Only one pin (PASSIVE pin 59/ of STM32H743IIT6/U6) attached to net U6_NC_59.
ERC WARNING: Only one pin (PASSIVE pin 146/ of STM32H743IIT6/U6) attached to net U6_NC_146.
ERC WARNING: Only one pin (PASSIVE pin 174/ of STM32H743IIT6/U6) attached to net U6_NC_174.
ERC WARNING: Only one pin (PASSIVE pin 86/ of STM32H743IIT6/U6) attached to net U6_NC_86.
ERC WARNING: Only one pin (PASSIVE pin 156/ of STM32H743IIT6/U6) attached to net U6_NC_156.
ERC WARNING: Only one pin (PASSIVE pin 17/ of STM32H743IIT6/U6) attached to net U6_NC_17.
ERC WARNING: Only one pin (PASSIVE pin 97/ of STM32H743IIT6/U6) attached to net U6_NC_97.
ERC WARNING: Only one pin (PASSIVE pin 131/ of STM32H743IIT6/U6) attached to net U6_NC_131.
ERC WARNING: Only one pin (PASSIVE pin 173/ of STM32H743IIT6/U6) attached to net U6_NC_173.
ERC WARNING: Only one pin (PASSIVE pin 4/NC4 of S4B-XH-SM4-TB/J2) attached to net J2_NC_4.
ERC WARNING: Only one pin (PASSIVE pin 164/ of STM32H743IIT6/U6) attached to net U6_NC_164.
ERC WARNING: Only one pin (PASSIVE pin 143/ of STM32H743IIT6/U6) attached to net U6_NC_143.
ERC WARNING: Only one pin (PASSIVE pin 176/ of STM32H743IIT6/U6) attached to net U6_NC_176.
ERC WARNING: Only one pin (PASSIVE pin 157/ of STM32H743IIT6/U6) attached to net U6_NC_157.
ERC WARNING: Only one pin (PASSIVE pin 154/ of STM32H743IIT6/U6) attached to net U6_NC_154.
ERC WARNING: Only one pin (PASSIVE pin 106/ of STM32H743IIT6/U6) attached to net U6_NC_106.
ERC WARNING: Only one pin (PASSIVE pin 129/ of STM32H743IIT6/U6) attached to net U6_NC_129.
ERC WARNING: Only one pin (PASSIVE pin 58/ of STM32H743IIT6/U6) attached to net U6_NC_58.
ERC WARNING: Only one pin (PASSIVE pin 151/ of STM32H743IIT6/U6) attached to net U6_NC_151.
ERC WARNING: Only one pin (PASSIVE pin 168/ of STM32H743IIT6/U6) attached to net U6_NC_168.
ERC WARNING: Only one pin (PASSIVE pin 68/ of STM32H743IIT6/U6) attached to net U6_NC_68.
ERC WARNING: Only one pin (PASSIVE pin 115/ of STM32H743IIT6/U6) attached to net U6_NC_115.
ERC WARNING: Only one pin (PASSIVE pin 117/ of STM32H743IIT6/U6) attached to net U6_NC_117.
ERC WARNING: Only one pin (PASSIVE pin 43/ of STM32H743IIT6/U6) attached to net U6_NC_43.
ERC WARNING: Only one pin (PASSIVE pin 128/ of STM32H743IIT6/U6) attached to net U6_NC_128.
ERC WARNING: Only one pin (PASSIVE pin 84/ of STM32H743IIT6/U6) attached to net U6_NC_84.
ERC WARNING: Only one pin (PASSIVE pin 155/ of STM32H743IIT6/U6) attached to net U6_NC_155.
ERC WARNING: Only one pin (PASSIVE pin 147/ of STM32H743IIT6/U6) attached to net U6_NC_147.
ERC WARNING: Only one pin (PASSIVE pin 3/ of STM32H743IIT6/U6) attached to net U6_NC_3.
ERC WARNING: Only one pin (PASSIVE pin 165/ of STM32H743IIT6/U6) attached to net U6_NC_165.
ERC WARNING: Only one pin (PASSIVE pin 142/ of STM32H743IIT6/U6) attached to net U6_NC_142.
ERC WARNING: Only one pin (PASSIVE pin 60/ of STM32H743IIT6/U6) attached to net U6_NC_60.
ERC WARNING: Only one pin (PASSIVE pin 75/ of STM32H743IIT6/U6) attached to net U6_NC_75.
ERC WARNING: Only one pin (PASSIVE pin 111/ of STM32H743IIT6/U6) attached to net U6_NC_111.
ERC WARNING: Only one pin (PASSIVE pin 132/ of STM32H743IIT6/U6) attached to net U6_NC_132.
ERC WARNING: Only one pin (PASSIVE pin 67/ of STM32H743IIT6/U6) attached to net U6_NC_67.
ERC WARNING: Only one pin (PASSIVE pin 95/ of STM32H743IIT6/U6) attached to net U6_NC_95.
ERC WARNING: Only one pin (PASSIVE pin 162/ of STM32H743IIT6/U6) attached to net U6_NC_162.
ERC WARNING: Only one pin (PASSIVE pin 4/ of STM32H743IIT6/U6) attached to net U6_NC_4.
ERC WARNING: Only one pin (PASSIVE pin 98/ of STM32H743IIT6/U6) attached to net U6_NC_98.
ERC WARNING: Only one pin (PASSIVE pin 83/ of STM32H743IIT6/U6) attached to net U6_NC_83.
ERC WARNING: Only one pin (PASSIVE pin 99/ of STM32H743IIT6/U6) attached to net U6_NC_99.
ERC WARNING: Only one pin (PASSIVE pin 8/ of STM32H743IIT6/U6) attached to net U6_NC_8.
ERC WARNING: Only one pin (PASSIVE pin 108/ of STM32H743IIT6/U6) attached to net U6_NC_108.
ERC WARNING: Only one pin (PASSIVE pin 144/ of STM32H743IIT6/U6) attached to net U6_NC_144.
ERC WARNING: Only one pin (PASSIVE pin 120/ of STM32H743IIT6/U6) attached to net U6_NC_120.
ERC WARNING: Only one pin (PASSIVE pin 18/ of STM32H743IIT6/U6) attached to net U6_NC_18.
ERC WARNING: Only one pin (PASSIVE pin 12/ of STM32H743IIT6/U6) attached to net U6_NC_12.
ERC WARNING: Only one pin (PASSIVE pin 66/ of STM32H743IIT6/U6) attached to net U6_NC_66.
ERC WARNING: Only one pin (PASSIVE pin 169/ of STM32H743IIT6/U6) attached to net U6_NC_169.
ERC WARNING: Only one pin (PASSIVE pin 96/ of STM32H743IIT6/U6) attached to net U6_NC_96.
ERC WARNING: Only one pin (PASSIVE pin 118/ of STM32H743IIT6/U6) attached to net U6_NC_118.
ERC WARNING: Only one pin (PASSIVE pin 119/ of STM32H743IIT6/U6) attached to net U6_NC_119.
ERC WARNING: Only one pin (PASSIVE pin 7/ of STM32H743IIT6/U6) attached to net U6_NC_7.
ERC WARNING: Only one pin (PASSIVE pin 145/ of STM32H743IIT6/U6) attached to net U6_NC_145.
ERC WARNING: Only one pin (PASSIVE pin 152/ of STM32H743IIT6/U6) attached to net U6_NC_152.
ERC WARNING: Only one pin (PASSIVE pin 153/ of STM32H743IIT6/U6) attached to net U6_NC_153.
ERC WARNING: Only one pin (PASSIVE pin 107/ of STM32H743IIT6/U6) attached to net U6_NC_107.
ERC WARNING: Only one pin (PASSIVE pin 104/ of STM32H743IIT6/U6) attached to net U6_NC_104.
ERC WARNING: Only one pin (PASSIVE pin 73/ of STM32H743IIT6/U6) attached to net U6_NC_73.
ERC WARNING: Only one pin (PASSIVE pin 11/ of STM32H743IIT6/U6) attached to net U6_NC_11.
ERC WARNING: Only one pin (PASSIVE pin 101/ of STM32H743IIT6/U6) attached to net U6_NC_101.
ERC WARNING: Only one pin (PASSIVE pin 175/ of STM32H743IIT6/U6) attached to net U6_NC_175.
ERC WARNING: Only one pin (PASSIVE pin 64/ of STM32H743IIT6/U6) attached to net ADC_SPARE_NC.
ERC WARNING: Only one pin (PASSIVE pin 110/ of STM32H743IIT6/U6) attached to net U6_NC_110.
ERC WARNING: Only one pin (PASSIVE pin 112/ of STM32H743IIT6/U6) attached to net U6_NC_112.
ERC WARNING: Only one pin (PASSIVE pin 134/ of STM32H743IIT6/U6) attached to net U6_NC_134.
ERC WARNING: Only one pin (PASSIVE pin 2/ of STM32H743IIT6/U6) attached to net U6_NC_2.
ERC WARNING: Only one pin (PASSIVE pin 133/ of STM32H743IIT6/U6) attached to net U6_NC_133.
ERC WARNING: Only one pin (PASSIVE pin 87/ of STM32H743IIT6/U6) attached to net U6_NC_87.
ERC WARNING: Only one pin (PASSIVE pin 141/ of STM32H743IIT6/U6) attached to net U6_NC_141.
ERC WARNING: Only one pin (PASSIVE pin 69/ of STM32H743IIT6/U6) attached to net U6_NC_69.
ERC WARNING: Only one pin (PASSIVE pin 140/ of STM32H743IIT6/U6) attached to net U6_NC_140.
ERC WARNING: Only one pin (PASSIVE pin 150/ of STM32H743IIT6/U6) attached to net U6_NC_150.
ERC WARNING: Only one pin (PASSIVE pin 116/ of STM32H743IIT6/U6) attached to net U6_NC_116.
ERC WARNING: Only one pin (PASSIVE pin 122/ of STM32H743IIT6/U6) attached to net U6_NC_122.
ERC WARNING: Only one pin (PASSIVE pin 139/ of STM32H743IIT6/U6) attached to net U6_NC_139.
ERC WARNING: Only one pin (PASSIVE pin 167/ of STM32H743IIT6/U6) attached to net U6_NC_167.
ERC WARNING: Only one pin (PASSIVE pin 78/ of STM32H743IIT6/U6) attached to net U6_NC_78.
ERC WARNING: Only one pin (PASSIVE pin 88/ of STM32H743IIT6/U6) attached to net U6_NC_88.
ERC WARNING: Only one pin (PASSIVE pin 70/ of STM32H743IIT6/U6) attached to net U6_NC_70.
ERC WARNING: Only one pin (PASSIVE pin 44/ of STM32H743IIT6/U6) attached to net U6_NC_44.
ERC WARNING: Only one pin (PASSIVE pin 76/ of STM32H743IIT6/U6) attached to net U6_NC_76.
ERC WARNING: Only one pin (PASSIVE pin 100/ of STM32H743IIT6/U6) attached to net U6_NC_100.
ERC WARNING: Only one pin (PASSIVE pin 94/ of STM32H743IIT6/U6) attached to net U6_NC_94.
ERC WARNING: Only one pin (PASSIVE pin 3/NC3 of S4B-XH-SM4-TB/J2) attached to net J2_NC_3.
ERC WARNING: Only one pin (PASSIVE pin 46/ of STM32H743IIT6/U6) attached to net U6_NC_46.
ERC WARNING: Only one pin (PASSIVE pin 16/ of STM32H743IIT6/U6) attached to net U6_NC_16.
ERC WARNING: Only one pin (PASSIVE pin 85/ of STM32H743IIT6/U6) attached to net U6_NC_85.
ERC WARNING: Only one pin (PASSIVE pin 77/ of STM32H743IIT6/U6) attached to net U6_NC_77.
ERC WARNING: Only one pin (PASSIVE pin 130/ of STM32H743IIT6/U6) attached to net U6_NC_130.
ERC WARNING: Only one pin (PASSIVE pin 65/ of STM32H743IIT6/U6) attached to net U6_NC_65.
ERC WARNING: Only one pin (PASSIVE pin 121/ of STM32H743IIT6/U6) attached to net U6_NC_121.
ERC WARNING: Only one pin (PASSIVE pin 170/ of STM32H743IIT6/U6) attached to net U6_NC_170.
ERC WARNING: Only one pin (PASSIVE pin 9/ of STM32H743IIT6/U6) attached to net U6_NC_9.
ERC WARNING: Only one pin (PASSIVE pin 5/ of STM32H743IIT6/U6) attached to net U6_NC_5.
ERC WARNING: Only one pin (PASSIVE pin 74/ of STM32H743IIT6/U6) attached to net U6_NC_74.
ERC WARNING: Unconnected pin: PASSIVE pin A8/ of USB_C_Receptacle/J1.
ERC WARNING: Unconnected pin: PASSIVE pin B8/ of USB_C_Receptacle/J1.
ERC INFO: 107 warnings found while running ERC.
ERC INFO: 0 errors found while running ERC.

WARNING: Missing tag on R instantiated at C:\Users\gus\Sync\Documents\Archive\3D\public-steel-guitar-bronner\elec\optical.py:608.
WARNING: Random tag DJ6zXFCCCM generated for R.
WARNING: Missing tag on LED_IR instantiated at C:\Users\gus\Sync\Documents\Archive\3D\public-steel-guitar-bronner\elec\optical.py:690.
WARNING: Random tag ecpEFxvKlp generated for LED_IR.
WARNING: Missing tag on PHOTODIODE instantiated at C:\Users\gus\Sync\Documents\Archive\3D\public-steel-guitar-bronner\elec\optical.py:709.
WARNING: Random tag 7eYQPfrhVs generated for PHOTODIODE.
WARNING: Missing tag on PHOTODIODE instantiated at C:\Users\gus\Sync\Documents\Archive\3D\public-steel-guitar-bronner\elec\optical.py:709.
WARNING: Random tag xmNOFy3K6O generated for PHOTODIODE.
WARNING: Missing tag on R instantiated at C:\Users\gus\Sync\Documents\Archive\3D\public-steel-guitar-bronner\elec\optical.py:608.
WARNING: Random tag Qwnf6jgKpm generated for R.
WARNING: Missing tag on LED_IR instantiated at C:\Users\gus\Sync\Documents\Archive\3D\public-steel-guitar-bronner\elec\optical.py:690.
WARNING: Random tag T8Rs7z8dzv generated for LED_IR.
WARNING: Missing tag on PHOTODIODE instantiated at C:\Users\gus\Sync\Documents\Archive\3D\public-steel-guitar-bronner\elec\optical.py:709.
WARNING: Random tag psaJsb2MDP generated for PHOTODIODE.
WARNING: Missing tag on PHOTODIODE instantiated at C:\Users\gus\Sync\Documents\Archive\3D\public-steel-guitar-bronner\elec\optical.py:709.
WARNING: Random tag ZUReMjCJWq generated for PHOTODIODE.
WARNING: Missing tag on R instantiated at C:\Users\gus\Sync\Documents\Archive\3D\public-steel-guitar-bronner\elec\optical.py:608.
WARNING: Random tag 5glVtWm4Ou generated for R.
WARNING: Missing tag on LED_IR instantiated at C:\Users\gus\Sync\Documents\Archive\3D\public-steel-guitar-bronner\elec\optical.py:690.
WARNING: Random tag 1qLdqRp9Kw generated for LED_IR.
WARNING: Missing tag on PHOTODIODE instantiated at C:\Users\gus\Sync\Documents\Archive\3D\public-steel-guitar-bronner\elec\optical.py:709.
WARNING: Random tag Hb40CFBJ06 generated for PHOTODIODE.
WARNING: Missing tag on PHOTODIODE instantiated at C:\Users\gus\Sync\Documents\Archive\3D\public-steel-guitar-bronner\elec\optical.py:709.
WARNING: Random tag QXDxtxYkzt generated for PHOTODIODE.
WARNING: Missing tag on R instantiated at C:\Users\gus\Sync\Documents\Archive\3D\public-steel-guitar-bronner\elec\optical.py:608.
WARNING: Random tag 3Ei15qC4XW generated for R.
WARNING: Missing tag on LED_IR instantiated at C:\Users\gus\Sync\Documents\Archive\3D\public-steel-guitar-bronner\elec\optical.py:690.
WARNING: Random tag _A0uDmzC8h generated for LED_IR.
WARNING: Missing tag on PHOTODIODE instantiated at C:\Users\gus\Sync\Documents\Archive\3D\public-steel-guitar-bronner\elec\optical.py:709.
WARNING: Random tag sglF7Arqvy generated for PHOTODIODE.
WARNING: Missing tag on PHOTODIODE instantiated at C:\Users\gus\Sync\Documents\Archive\3D\public-steel-guitar-bronner\elec\optical.py:709.
WARNING: Random tag jLQIT6pQ74 generated for PHOTODIODE.
WARNING: Missing tag on R instantiated at C:\Users\gus\Sync\Documents\Archive\3D\public-steel-guitar-bronner\elec\optical.py:608.
WARNING: Random tag AgoIH_psSw generated for R.
WARNING: Missing tag on LED_IR instantiated at C:\Users\gus\Sync\Documents\Archive\3D\public-steel-guitar-bronner\elec\optical.py:690.
WARNING: Random tag 8ymNaD85kA generated for LED_IR.
WARNING: Missing tag on PHOTODIODE instantiated at C:\Users\gus\Sync\Documents\Archive\3D\public-steel-guitar-bronner\elec\optical.py:709.
WARNING: Random tag HOiXhktsc_ generated for PHOTODIODE.
WARNING: Missing tag on PHOTODIODE instantiated at C:\Users\gus\Sync\Documents\Archive\3D\public-steel-guitar-bronner\elec\optical.py:709.
WARNING: Random tag DhKjMfL9T6 generated for PHOTODIODE.
WARNING: Missing tag on R instantiated at C:\Users\gus\Sync\Documents\Archive\3D\public-steel-guitar-bronner\elec\optical.py:608.
WARNING: Random tag 9gtSe4cxqB generated for R.
WARNING: Missing tag on LED_IR instantiated at C:\Users\gus\Sync\Documents\Archive\3D\public-steel-guitar-bronner\elec\optical.py:690.
WARNING: Random tag Bsfcr6kjVB generated for LED_IR.
WARNING: Missing tag on PHOTODIODE instantiated at C:\Users\gus\Sync\Documents\Archive\3D\public-steel-guitar-bronner\elec\optical.py:709.
WARNING: Random tag 1vxmASshjn generated for PHOTODIODE.
WARNING: Missing tag on PHOTODIODE instantiated at C:\Users\gus\Sync\Documents\Archive\3D\public-steel-guitar-bronner\elec\optical.py:709.
WARNING: Random tag 3xOICygRrc generated for PHOTODIODE.
WARNING: Missing tag on R instantiated at C:\Users\gus\Sync\Documents\Archive\3D\public-steel-guitar-bronner\elec\optical.py:608.
WARNING: Random tag 4q1MvzT1qs generated for R.
WARNING: Missing tag on LED_IR instantiated at C:\Users\gus\Sync\Documents\Archive\3D\public-steel-guitar-bronner\elec\optical.py:690.
WARNING: Random tag 8TaD5WF0Lj generated for LED_IR.
WARNING: Missing tag on PHOTODIODE instantiated at C:\Users\gus\Sync\Documents\Archive\3D\public-steel-guitar-bronner\elec\optical.py:709.
WARNING: Random tag 7jtUTYENlA generated for PHOTODIODE.
WARNING: Missing tag on PHOTODIODE instantiated at C:\Users\gus\Sync\Documents\Archive\3D\public-steel-guitar-bronner\elec\optical.py:709.
WARNING: Random tag tzSmrBWXJ0 generated for PHOTODIODE.
WARNING: Missing tag on R instantiated at C:\Users\gus\Sync\Documents\Archive\3D\public-steel-guitar-bronner\elec\optical.py:608.
WARNING: Random tag iVSkEdjsoz generated for R.
WARNING: Missing tag on LED_IR instantiated at C:\Users\gus\Sync\Documents\Archive\3D\public-steel-guitar-bronner\elec\optical.py:690.
WARNING: Random tag B3K7KXctwA generated for LED_IR.
WARNING: Missing tag on PHOTODIODE instantiated at C:\Users\gus\Sync\Documents\Archive\3D\public-steel-guitar-bronner\elec\optical.py:709.
WARNING: Random tag x3Dbvjsutg generated for PHOTODIODE.
WARNING: Missing tag on PHOTODIODE instantiated at C:\Users\gus\Sync\Documents\Archive\3D\public-steel-guitar-bronner\elec\optical.py:709.
WARNING: Random tag NC92ZwF73R generated for PHOTODIODE.
WARNING: Missing tag on R instantiated at C:\Users\gus\Sync\Documents\Archive\3D\public-steel-guitar-bronner\elec\optical.py:608.
WARNING: Random tag OvXUAZxfkz generated for R.
WARNING: Missing tag on LED_IR instantiated at C:\Users\gus\Sync\Documents\Archive\3D\public-steel-guitar-bronner\elec\optical.py:690.
WARNING: Random tag VrUdUkPTFA generated for LED_IR.
WARNING: Missing tag on PHOTODIODE instantiated at C:\Users\gus\Sync\Documents\Archive\3D\public-steel-guitar-bronner\elec\optical.py:709.
WARNING: Random tag jhJjv9jTSM generated for PHOTODIODE.
WARNING: Missing tag on PHOTODIODE instantiated at C:\Users\gus\Sync\Documents\Archive\3D\public-steel-guitar-bronner\elec\optical.py:709.
WARNING: Random tag DlU_DPQmiT generated for PHOTODIODE.
WARNING: Missing tag on R instantiated at C:\Users\gus\Sync\Documents\Archive\3D\public-steel-guitar-bronner\elec\optical.py:608.
WARNING: Random tag TyzGmrNuPq generated for R.
WARNING: Missing tag on LED_IR instantiated at C:\Users\gus\Sync\Documents\Archive\3D\public-steel-guitar-bronner\elec\optical.py:690.
WARNING: Random tag Zu9s48IhN9 generated for LED_IR.
WARNING: Missing tag on PHOTODIODE instantiated at C:\Users\gus\Sync\Documents\Archive\3D\public-steel-guitar-bronner\elec\optical.py:709.
WARNING: Random tag WaMPKTZFvg generated for PHOTODIODE.
WARNING: Missing tag on PHOTODIODE instantiated at C:\Users\gus\Sync\Documents\Archive\3D\public-steel-guitar-bronner\elec\optical.py:709.
WARNING: Random tag 1RGEAhdyYD generated for PHOTODIODE.
WARNING: Missing tag on TLV9064 instantiated at C:\Users\gus\Sync\Documents\Archive\3D\public-steel-guitar-bronner\elec\optical.py:725.
WARNING: Random tag Uql4CAN4CG generated for TLV9064.
WARNING: Missing tag on TLV9064 instantiated at C:\Users\gus\Sync\Documents\Archive\3D\public-steel-guitar-bronner\elec\optical.py:725.
WARNING: Random tag 1EfRMEhFs2 generated for TLV9064.
WARNING: Missing tag on TLV9064 instantiated at C:\Users\gus\Sync\Documents\Archive\3D\public-steel-guitar-bronner\elec\optical.py:725.
WARNING: Random tag amrarOoiUa generated for TLV9064.
WARNING: Missing tag on TLV9064 instantiated at C:\Users\gus\Sync\Documents\Archive\3D\public-steel-guitar-bronner\elec\optical.py:725.
WARNING: Random tag xb2SIDNUha generated for TLV9064.
WARNING: Missing tag on TLV9064 instantiated at C:\Users\gus\Sync\Documents\Archive\3D\public-steel-guitar-bronner\elec\optical.py:725.
WARNING: Random tag EdeXJzkE3X generated for TLV9064.
WARNING: Missing tag on R instantiated at C:\Users\gus\Sync\Documents\Archive\3D\public-steel-guitar-bronner\elec\optical.py:608.
WARNING: Random tag mddPUiGXWB generated for R.
WARNING: Missing tag on C instantiated at C:\Users\gus\Sync\Documents\Archive\3D\public-steel-guitar-bronner\elec\optical.py:614.
WARNING: Random tag dDgzZGbVUF generated for C.
WARNING: Missing tag on R instantiated at C:\Users\gus\Sync\Documents\Archive\3D\public-steel-guitar-bronner\elec\optical.py:608.
WARNING: Random tag hvsgImE9Wp generated for R.
WARNING: Missing tag on C instantiated at C:\Users\gus\Sync\Documents\Archive\3D\public-steel-guitar-bronner\elec\optical.py:614.
WARNING: Random tag 9xJ1tLk7RG generated for C.
WARNING: Missing tag on R instantiated at C:\Users\gus\Sync\Documents\Archive\3D\public-steel-guitar-bronner\elec\optical.py:608.
WARNING: Random tag AkoBOZaAgo generated for R.
WARNING: Missing tag on C instantiated at C:\Users\gus\Sync\Documents\Archive\3D\public-steel-guitar-bronner\elec\optical.py:614.
WARNING: Random tag 3WJ2darEwF generated for C.
WARNING: Missing tag on R instantiated at C:\Users\gus\Sync\Documents\Archive\3D\public-steel-guitar-bronner\elec\optical.py:608.
WARNING: Random tag fU5G2B0nYb generated for R.
WARNING: Missing tag on C instantiated at C:\Users\gus\Sync\Documents\Archive\3D\public-steel-guitar-bronner\elec\optical.py:614.
WARNING: Random tag gtkJ5qey8x generated for C.
WARNING: Missing tag on R instantiated at C:\Users\gus\Sync\Documents\Archive\3D\public-steel-guitar-bronner\elec\optical.py:608.
WARNING: Random tag lrO1T_YU3Z generated for R.
WARNING: Missing tag on C instantiated at C:\Users\gus\Sync\Documents\Archive\3D\public-steel-guitar-bronner\elec\optical.py:614.
WARNING: Random tag tTYgzkt5xR generated for C.
WARNING: Missing tag on R instantiated at C:\Users\gus\Sync\Documents\Archive\3D\public-steel-guitar-bronner\elec\optical.py:608.
WARNING: Random tag 4_UdgKNwR1 generated for R.
WARNING: Missing tag on C instantiated at C:\Users\gus\Sync\Documents\Archive\3D\public-steel-guitar-bronner\elec\optical.py:614.
WARNING: Random tag TZPtOTJY5c generated for C.
WARNING: Missing tag on R instantiated at C:\Users\gus\Sync\Documents\Archive\3D\public-steel-guitar-bronner\elec\optical.py:608.
WARNING: Random tag gRnwakkZbX generated for R.
WARNING: Missing tag on C instantiated at C:\Users\gus\Sync\Documents\Archive\3D\public-steel-guitar-bronner\elec\optical.py:614.
WARNING: Random tag EHGvJUYkn3 generated for C.
WARNING: Missing tag on R instantiated at C:\Users\gus\Sync\Documents\Archive\3D\public-steel-guitar-bronner\elec\optical.py:608.
WARNING: Random tag gsmvyTQAYm generated for R.
WARNING: Missing tag on C instantiated at C:\Users\gus\Sync\Documents\Archive\3D\public-steel-guitar-bronner\elec\optical.py:614.
WARNING: Random tag fhVxgj55nB generated for C.
WARNING: Missing tag on R instantiated at C:\Users\gus\Sync\Documents\Archive\3D\public-steel-guitar-bronner\elec\optical.py:608.
WARNING: Random tag zPwNAP2Kcv generated for R.
WARNING: Missing tag on C instantiated at C:\Users\gus\Sync\Documents\Archive\3D\public-steel-guitar-bronner\elec\optical.py:614.
WARNING: Random tag zkKVMJvABW generated for C.
WARNING: Missing tag on R instantiated at C:\Users\gus\Sync\Documents\Archive\3D\public-steel-guitar-bronner\elec\optical.py:608.
WARNING: Random tag M61Plc7i7U generated for R.
WARNING: Missing tag on C instantiated at C:\Users\gus\Sync\Documents\Archive\3D\public-steel-guitar-bronner\elec\optical.py:614.
WARNING: Random tag BQAZYm0AqV generated for C.
WARNING: Missing tag on R instantiated at C:\Users\gus\Sync\Documents\Archive\3D\public-steel-guitar-bronner\elec\optical.py:608.
WARNING: Random tag Q_q2T3cyG_ generated for R.
WARNING: Missing tag on C instantiated at C:\Users\gus\Sync\Documents\Archive\3D\public-steel-guitar-bronner\elec\optical.py:614.
WARNING: Random tag vCONbnMp_W generated for C.
WARNING: Missing tag on R instantiated at C:\Users\gus\Sync\Documents\Archive\3D\public-steel-guitar-bronner\elec\optical.py:608.
WARNING: Random tag 5aiPPG6h6m generated for R.
WARNING: Missing tag on C instantiated at C:\Users\gus\Sync\Documents\Archive\3D\public-steel-guitar-bronner\elec\optical.py:614.
WARNING: Random tag eyssODD02l generated for C.
WARNING: Missing tag on R instantiated at C:\Users\gus\Sync\Documents\Archive\3D\public-steel-guitar-bronner\elec\optical.py:608.
WARNING: Random tag tqVOsCwhWv generated for R.
WARNING: Missing tag on C instantiated at C:\Users\gus\Sync\Documents\Archive\3D\public-steel-guitar-bronner\elec\optical.py:614.
WARNING: Random tag NMCh8OPYeq generated for C.
WARNING: Missing tag on R instantiated at C:\Users\gus\Sync\Documents\Archive\3D\public-steel-guitar-bronner\elec\optical.py:608.
WARNING: Random tag 3Dr_VSnLXc generated for R.
WARNING: Missing tag on C instantiated at C:\Users\gus\Sync\Documents\Archive\3D\public-steel-guitar-bronner\elec\optical.py:614.
WARNING: Random tag eLx_kUmoPd generated for C.
WARNING: Missing tag on R instantiated at C:\Users\gus\Sync\Documents\Archive\3D\public-steel-guitar-bronner\elec\optical.py:608.
WARNING: Random tag aMf3xZlfRk generated for R.
WARNING: Missing tag on C instantiated at C:\Users\gus\Sync\Documents\Archive\3D\public-steel-guitar-bronner\elec\optical.py:614.
WARNING: Random tag Piv5DY5_xP generated for C.
WARNING: Missing tag on R instantiated at C:\Users\gus\Sync\Documents\Archive\3D\public-steel-guitar-bronner\elec\optical.py:608.
WARNING: Random tag nAu0kf3CK6 generated for R.
WARNING: Missing tag on C instantiated at C:\Users\gus\Sync\Documents\Archive\3D\public-steel-guitar-bronner\elec\optical.py:614.
WARNING: Random tag WVzjt9Xr4S generated for C.
WARNING: Missing tag on R instantiated at C:\Users\gus\Sync\Documents\Archive\3D\public-steel-guitar-bronner\elec\optical.py:608.
WARNING: Random tag H6Uq1YO0Ti generated for R.
WARNING: Missing tag on C instantiated at C:\Users\gus\Sync\Documents\Archive\3D\public-steel-guitar-bronner\elec\optical.py:614.
WARNING: Random tag xMouV4uMWV generated for C.
WARNING: Missing tag on R instantiated at C:\Users\gus\Sync\Documents\Archive\3D\public-steel-guitar-bronner\elec\optical.py:608.
WARNING: Random tag FhVGaadaxT generated for R.
WARNING: Missing tag on C instantiated at C:\Users\gus\Sync\Documents\Archive\3D\public-steel-guitar-bronner\elec\optical.py:614.
WARNING: Random tag 9rU8NNQfBi generated for C.
WARNING: Missing tag on R instantiated at C:\Users\gus\Sync\Documents\Archive\3D\public-steel-guitar-bronner\elec\optical.py:608.
WARNING: Random tag 8uy8w7TnVE generated for R.
WARNING: Missing tag on C instantiated at C:\Users\gus\Sync\Documents\Archive\3D\public-steel-guitar-bronner\elec\optical.py:614.
WARNING: Random tag PF_UVfo6F5 generated for C.
WARNING: Missing tag on R instantiated at C:\Users\gus\Sync\Documents\Archive\3D\public-steel-guitar-bronner\elec\optical.py:608.
WARNING: Random tag eak8l6iDsw generated for R.
WARNING: Missing tag on C instantiated at C:\Users\gus\Sync\Documents\Archive\3D\public-steel-guitar-bronner\elec\optical.py:614.
WARNING: Random tag RZsCzteQYT generated for C.
WARNING: Missing tag on C instantiated at C:\Users\gus\Sync\Documents\Archive\3D\public-steel-guitar-bronner\elec\optical.py:614.
WARNING: Random tag eEuqLBRxeK generated for C.
WARNING: Missing tag on C instantiated at C:\Users\gus\Sync\Documents\Archive\3D\public-steel-guitar-bronner\elec\optical.py:614.
WARNING: Random tag jxvCupH0yR generated for C.
WARNING: Missing tag on C instantiated at C:\Users\gus\Sync\Documents\Archive\3D\public-steel-guitar-bronner\elec\optical.py:614.
WARNING: Random tag I3JtnRHPNS generated for C.
WARNING: Missing tag on C instantiated at C:\Users\gus\Sync\Documents\Archive\3D\public-steel-guitar-bronner\elec\optical.py:614.
WARNING: Random tag nyk0CwXzsN generated for C.
WARNING: Missing tag on C instantiated at C:\Users\gus\Sync\Documents\Archive\3D\public-steel-guitar-bronner\elec\optical.py:614.
WARNING: Random tag 7_5qeEIKIq generated for C.
WARNING: Missing tag on C instantiated at C:\Users\gus\Sync\Documents\Archive\3D\public-steel-guitar-bronner\elec\optical.py:614.
WARNING: Random tag kD9VtSKzs5 generated for C.
WARNING: Missing tag on C instantiated at C:\Users\gus\Sync\Documents\Archive\3D\public-steel-guitar-bronner\elec\optical.py:614.
WARNING: Random tag KIt9vfpl9A generated for C.
WARNING: Missing tag on C instantiated at C:\Users\gus\Sync\Documents\Archive\3D\public-steel-guitar-bronner\elec\optical.py:614.
WARNING: Random tag FNzdCiszBI generated for C.
WARNING: Missing tag on C instantiated at C:\Users\gus\Sync\Documents\Archive\3D\public-steel-guitar-bronner\elec\optical.py:614.
WARNING: Random tag 0jZEpPLE4S generated for C.
WARNING: Missing tag on C instantiated at C:\Users\gus\Sync\Documents\Archive\3D\public-steel-guitar-bronner\elec\optical.py:614.
WARNING: Random tag DMXhZ1Dyor generated for C.
WARNING: Missing tag on STM32H743IIT6 instantiated at C:\Users\gus\Sync\Documents\Archive\3D\public-steel-guitar-bronner\elec\optical.py:880.
WARNING: Random tag pLISoSZQBb generated for STM32H743IIT6.
WARNING: Missing tag on TestPoint instantiated at C:\Users\gus\Sync\Documents\Archive\3D\public-steel-guitar-bronner\elec\optical.py:944.
WARNING: Random tag rixp2Wb0ZL generated for TestPoint.
WARNING: Missing tag on TestPoint instantiated at C:\Users\gus\Sync\Documents\Archive\3D\public-steel-guitar-bronner\elec\optical.py:944.
WARNING: Random tag gIL1Nh5uAF generated for TestPoint.
WARNING: Missing tag on TestPoint instantiated at C:\Users\gus\Sync\Documents\Archive\3D\public-steel-guitar-bronner\elec\optical.py:944.
WARNING: Random tag qlDJz4dNfh generated for TestPoint.
WARNING: Missing tag on TestPoint instantiated at C:\Users\gus\Sync\Documents\Archive\3D\public-steel-guitar-bronner\elec\optical.py:944.
WARNING: Random tag 2XKfj4m3Zq generated for TestPoint.
WARNING: Missing tag on TestPoint instantiated at C:\Users\gus\Sync\Documents\Archive\3D\public-steel-guitar-bronner\elec\optical.py:944.
WARNING: Random tag kEQS7kXIPt generated for TestPoint.
WARNING: Missing tag on USB3343 instantiated at C:\Users\gus\Sync\Documents\Archive\3D\public-steel-guitar-bronner\elec\optical.py:975.
WARNING: Random tag pyRzr2hcJI generated for USB3343.
WARNING: Missing tag on AMS1117-3.3 instantiated at C:\Users\gus\Sync\Documents\Archive\3D\public-steel-guitar-bronner\elec\optical.py:1029.
WARNING: Random tag iIINcpIoQj generated for AMS1117-3.3.
WARNING: Missing tag on SPX3819 instantiated at C:\Users\gus\Sync\Documents\Archive\3D\public-steel-guitar-bronner\elec\optical.py:1043.
WARNING: Random tag kUAbsu4p_V generated for SPX3819.
WARNING: Missing tag on C instantiated at C:\Users\gus\Sync\Documents\Archive\3D\public-steel-guitar-bronner\elec\optical.py:614.
WARNING: Random tag nL70Sf7Cye generated for C.
WARNING: Missing tag on USBLC6-2SC6 instantiated at C:\Users\gus\Sync\Documents\Archive\3D\public-steel-guitar-bronner\elec\optical.py:1064.
WARNING: Random tag 1wXttLQi5j generated for USBLC6-2SC6.
WARNING: Missing tag on TLV9061 instantiated at C:\Users\gus\Sync\Documents\Archive\3D\public-steel-guitar-bronner\elec\optical.py:1078.
WARNING: Random tag SxobcAiRmI generated for TLV9061.
WARNING: Missing tag on TPS560430XF instantiated at C:\Users\gus\Sync\Documents\Archive\3D\public-steel-guitar-bronner\elec\optical.py:1173.
WARNING: Random tag GdUkMUVL05 generated for TPS560430XF.
WARNING: Missing tag on L instantiated at C:\Users\gus\Sync\Documents\Archive\3D\public-steel-guitar-bronner\elec\optical.py:1221.
WARNING: Random tag 7Im88W62SY generated for L.
WARNING: Missing tag on FerriteBead instantiated at C:\Users\gus\Sync\Documents\Archive\3D\public-steel-guitar-bronner\elec\optical.py:1234.
WARNING: Random tag czfuPRAW1_ generated for FerriteBead.
WARNING: Missing tag on Q_NMOS instantiated at C:\Users\gus\Sync\Documents\Archive\3D\public-steel-guitar-bronner\elec\optical.py:1258.
WARNING: Random tag _oPGFu6s45 generated for Q_NMOS.
WARNING: Missing tag on Crystal instantiated at C:\Users\gus\Sync\Documents\Archive\3D\public-steel-guitar-bronner\elec\optical.py:1272.
WARNING: Random tag dTN_MtNJ4b generated for Crystal.
WARNING: Missing tag on Crystal instantiated at C:\Users\gus\Sync\Documents\Archive\3D\public-steel-guitar-bronner\elec\optical.py:1289.
WARNING: Random tag M9FTuydM8x generated for Crystal.
WARNING: Missing tag on USB_C_Receptacle instantiated at C:\Users\gus\Sync\Documents\Archive\3D\public-steel-guitar-bronner\elec\optical.py:1302.
WARNING: Random tag v5hXsaM7Tw generated for USB_C_Receptacle.
WARNING: Missing tag on S4B-XH-SM4-TB instantiated at C:\Users\gus\Sync\Documents\Archive\3D\public-steel-guitar-bronner\elec\optical.py:1351.
WARNING: Random tag uwEEwHsSSv generated for S4B-XH-SM4-TB.
WARNING: Missing tag on R instantiated at C:\Users\gus\Sync\Documents\Archive\3D\public-steel-guitar-bronner\elec\optical.py:608.
WARNING: Random tag CvTzltbbUb generated for R.
WARNING: Missing tag on R instantiated at C:\Users\gus\Sync\Documents\Archive\3D\public-steel-guitar-bronner\elec\optical.py:608.
WARNING: Random tag 2SNwP0GBvQ generated for R.
WARNING: Missing tag on R instantiated at C:\Users\gus\Sync\Documents\Archive\3D\public-steel-guitar-bronner\elec\optical.py:608.
WARNING: Random tag 314zCWWJMz generated for R.
WARNING: Missing tag on R instantiated at C:\Users\gus\Sync\Documents\Archive\3D\public-steel-guitar-bronner\elec\optical.py:608.
WARNING: Random tag aK69fklCZo generated for R.
WARNING: Missing tag on R instantiated at C:\Users\gus\Sync\Documents\Archive\3D\public-steel-guitar-bronner\elec\optical.py:608.
WARNING: Random tag oMuDs4zNql generated for R.
WARNING: Missing tag on R instantiated at C:\Users\gus\Sync\Documents\Archive\3D\public-steel-guitar-bronner\elec\optical.py:608.
WARNING: Random tag V5Ac6CfC56 generated for R.
WARNING: Missing tag on R instantiated at C:\Users\gus\Sync\Documents\Archive\3D\public-steel-guitar-bronner\elec\optical.py:608.
WARNING: Random tag Wl_59AP28A generated for R.
WARNING: Missing tag on R instantiated at C:\Users\gus\Sync\Documents\Archive\3D\public-steel-guitar-bronner\elec\optical.py:608.
WARNING: Random tag aV6FzDhhjU generated for R.
WARNING: Missing tag on R instantiated at C:\Users\gus\Sync\Documents\Archive\3D\public-steel-guitar-bronner\elec\optical.py:608.
WARNING: Random tag Z2XeL1UcwR generated for R.
WARNING: Missing tag on R instantiated at C:\Users\gus\Sync\Documents\Archive\3D\public-steel-guitar-bronner\elec\optical.py:608.
WARNING: Random tag _SE9IkSfDr generated for R.
WARNING: Missing tag on R instantiated at C:\Users\gus\Sync\Documents\Archive\3D\public-steel-guitar-bronner\elec\optical.py:608.
WARNING: Random tag VcikHF6Wbi generated for R.
WARNING: Missing tag on R instantiated at C:\Users\gus\Sync\Documents\Archive\3D\public-steel-guitar-bronner\elec\optical.py:608.
WARNING: Random tag M9_pUfHVUZ generated for R.
WARNING: Missing tag on C instantiated at C:\Users\gus\Sync\Documents\Archive\3D\public-steel-guitar-bronner\elec\optical.py:614.
WARNING: Random tag aE2jXOB526 generated for C.
WARNING: Missing tag on C instantiated at C:\Users\gus\Sync\Documents\Archive\3D\public-steel-guitar-bronner\elec\optical.py:614.
WARNING: Random tag Fvcr15TFue generated for C.
WARNING: Missing tag on C instantiated at C:\Users\gus\Sync\Documents\Archive\3D\public-steel-guitar-bronner\elec\optical.py:614.
WARNING: Random tag BUnQpewAkB generated for C.
WARNING: Missing tag on C instantiated at C:\Users\gus\Sync\Documents\Archive\3D\public-steel-guitar-bronner\elec\optical.py:614.
WARNING: Random tag CwDmgBt31_ generated for C.
WARNING: Missing tag on C instantiated at C:\Users\gus\Sync\Documents\Archive\3D\public-steel-guitar-bronner\elec\optical.py:614.
WARNING: Random tag sDLogSMl5p generated for C.
WARNING: Missing tag on C instantiated at C:\Users\gus\Sync\Documents\Archive\3D\public-steel-guitar-bronner\elec\optical.py:614.
WARNING: Random tag ExkYgkkH1A generated for C.
WARNING: Missing tag on C instantiated at C:\Users\gus\Sync\Documents\Archive\3D\public-steel-guitar-bronner\elec\optical.py:614.
WARNING: Random tag z5QZqDhDfN generated for C.
WARNING: Missing tag on C instantiated at C:\Users\gus\Sync\Documents\Archive\3D\public-steel-guitar-bronner\elec\optical.py:614.
WARNING: Random tag DevNGM7MVr generated for C.
WARNING: Missing tag on C instantiated at C:\Users\gus\Sync\Documents\Archive\3D\public-steel-guitar-bronner\elec\optical.py:614.
WARNING: Random tag lH4_km6nFR generated for C.
WARNING: Missing tag on C instantiated at C:\Users\gus\Sync\Documents\Archive\3D\public-steel-guitar-bronner\elec\optical.py:614.
WARNING: Random tag qQQs25uYcu generated for C.
WARNING: Missing tag on C instantiated at C:\Users\gus\Sync\Documents\Archive\3D\public-steel-guitar-bronner\elec\optical.py:614.
WARNING: Random tag 2kpg1UoTx8 generated for C.
WARNING: Missing tag on C instantiated at C:\Users\gus\Sync\Documents\Archive\3D\public-steel-guitar-bronner\elec\optical.py:614.
WARNING: Random tag yjkl3t4diY generated for C.
WARNING: Missing tag on C instantiated at C:\Users\gus\Sync\Documents\Archive\3D\public-steel-guitar-bronner\elec\optical.py:614.
WARNING: Random tag eZtAyaJHIt generated for C.
WARNING: Missing tag on C instantiated at C:\Users\gus\Sync\Documents\Archive\3D\public-steel-guitar-bronner\elec\optical.py:614.
WARNING: Random tag 9dFoi7Izym generated for C.
WARNING: Missing tag on C instantiated at C:\Users\gus\Sync\Documents\Archive\3D\public-steel-guitar-bronner\elec\optical.py:614.
WARNING: Random tag QvabVeU6Ml generated for C.
WARNING: Missing tag on C instantiated at C:\Users\gus\Sync\Documents\Archive\3D\public-steel-guitar-bronner\elec\optical.py:614.
WARNING: Random tag e8GWVmdrcx generated for C.
WARNING: Missing tag on C instantiated at C:\Users\gus\Sync\Documents\Archive\3D\public-steel-guitar-bronner\elec\optical.py:614.
WARNING: Random tag YWYBD3gGxt generated for C.
WARNING: Missing tag on C instantiated at C:\Users\gus\Sync\Documents\Archive\3D\public-steel-guitar-bronner\elec\optical.py:614.
WARNING: Random tag LXM1R8SDdT generated for C.
WARNING: Missing tag on C instantiated at C:\Users\gus\Sync\Documents\Archive\3D\public-steel-guitar-bronner\elec\optical.py:614.
WARNING: Random tag mjcEeD7KdG generated for C.
WARNING: Missing tag on C instantiated at C:\Users\gus\Sync\Documents\Archive\3D\public-steel-guitar-bronner\elec\optical.py:614.
WARNING: Random tag v0xpBsZKOE generated for C.
WARNING: Missing tag on C instantiated at C:\Users\gus\Sync\Documents\Archive\3D\public-steel-guitar-bronner\elec\optical.py:614.
WARNING: Random tag Or5qnr_YdO generated for C.
WARNING: Missing tag on C instantiated at C:\Users\gus\Sync\Documents\Archive\3D\public-steel-guitar-bronner\elec\optical.py:614.
WARNING: Random tag ulLVz4zQGX generated for C.
WARNING: Missing tag on C instantiated at C:\Users\gus\Sync\Documents\Archive\3D\public-steel-guitar-bronner\elec\optical.py:614.
WARNING: Random tag fxzF2E4pYf generated for C.
WARNING: Missing tag on C instantiated at C:\Users\gus\Sync\Documents\Archive\3D\public-steel-guitar-bronner\elec\optical.py:614.
WARNING: Random tag _kNjfheJQI generated for C.
WARNING: Missing tag on C instantiated at C:\Users\gus\Sync\Documents\Archive\3D\public-steel-guitar-bronner\elec\optical.py:614.
WARNING: Random tag A9UYLBVWm5 generated for C.
WARNING: Missing tag on C instantiated at C:\Users\gus\Sync\Documents\Archive\3D\public-steel-guitar-bronner\elec\optical.py:614.
WARNING: Random tag nTzftGdLsG generated for C.
WARNING: Missing tag on C instantiated at C:\Users\gus\Sync\Documents\Archive\3D\public-steel-guitar-bronner\elec\optical.py:614.
WARNING: Random tag Wqg14j90MG generated for C.
WARNING: Missing tag on C instantiated at C:\Users\gus\Sync\Documents\Archive\3D\public-steel-guitar-bronner\elec\optical.py:614.
WARNING: Random tag 8XRsqiz0U4 generated for C.
WARNING: Missing tag on C instantiated at C:\Users\gus\Sync\Documents\Archive\3D\public-steel-guitar-bronner\elec\optical.py:614.
WARNING: Random tag vdogd1dwLn generated for C.
WARNING: Missing tag on C instantiated at C:\Users\gus\Sync\Documents\Archive\3D\public-steel-guitar-bronner\elec\optical.py:614.
WARNING: Random tag 9QjYNFqZ1m generated for C.
WARNING: Missing tag on C instantiated at C:\Users\gus\Sync\Documents\Archive\3D\public-steel-guitar-bronner\elec\optical.py:614.
WARNING: Random tag FOcWw_GJ1D generated for C.
WARNING: Missing tag on C instantiated at C:\Users\gus\Sync\Documents\Archive\3D\public-steel-guitar-bronner\elec\optical.py:614.
WARNING: Random tag pvUhgX8dq3 generated for C.
WARNING: Missing tag on C instantiated at C:\Users\gus\Sync\Documents\Archive\3D\public-steel-guitar-bronner\elec\optical.py:614.
WARNING: Random tag Cft96LpGDV generated for C.
WARNING: Missing tag on C instantiated at C:\Users\gus\Sync\Documents\Archive\3D\public-steel-guitar-bronner\elec\optical.py:614.
WARNING: Random tag wiu7RBK5wX generated for C.
WARNING: Missing tag on  instantiated at C:\Users\gus\Sync\Documents\Archive\3D\public-steel-guitar-bronner\elec\out\<frozen importlib._bootstrap>:488.
INFO: 328 warnings found while generating netlist.
INFO: 0 errors found while generating netlist.

optical: CAD table, netlist and BOM.md all agree (161 parts)
board 62.34 x 188.53 mm, 161 placements, x1 per instrument
